###############################################################################
#
# IAR ELF Linker V8.40.1.212/W32 for ARM                  25/Jun/2023  18:36:24
# Copyright 2007-2019 IAR Systems AB.
#
#    Output file  =  E:\AnyID\Git\YY\CS1110\Boot\CS1110\Build\Exe\Boot.out
#    Map file     =  E:\AnyID\Git\YY\CS1110\Boot\CS1110\Build\List\Boot.map
#    Command line =
#        -f C:\Users\Administrator\AppData\Local\Temp\EW1984.tmp
#        (E:\AnyID\Git\YY\CS1110\Boot\CS1110\Build\Obj\AnyID_Boot_FRam.o
#        E:\AnyID\Git\YY\CS1110\Boot\CS1110\Build\Obj\AnyID_Boot_FRam_HL.o
#        E:\AnyID\Git\YY\CS1110\Boot\CS1110\Build\Obj\AnyID_Boot_SysCfg.o
#        E:\AnyID\Git\YY\CS1110\Boot\CS1110\Build\Obj\AnyID_Boot_SysTick_HL.o
#        E:\AnyID\Git\YY\CS1110\Boot\CS1110\Build\Obj\AnyID_Boot_Uart.o
#        E:\AnyID\Git\YY\CS1110\Boot\CS1110\Build\Obj\AnyID_Boot_Uart_HL.o
#        E:\AnyID\Git\YY\CS1110\Boot\CS1110\Build\Obj\AnyID_FRam.o
#        E:\AnyID\Git\YY\CS1110\Boot\CS1110\Build\Obj\AnyID_Stdlib.o
#        E:\AnyID\Git\YY\CS1110\Boot\CS1110\Build\Obj\AnyID_Uart_Receive.o
#        E:\AnyID\Git\YY\CS1110\Boot\CS1110\Build\Obj\main.o
#        E:\AnyID\Git\YY\CS1110\Boot\CS1110\Build\Obj\misc.o
#        E:\AnyID\Git\YY\CS1110\Boot\CS1110\Build\Obj\startup_stm32f10x_md.o
#        E:\AnyID\Git\YY\CS1110\Boot\CS1110\Build\Obj\stm32f10x_flash.o
#        E:\AnyID\Git\YY\CS1110\Boot\CS1110\Build\Obj\stm32f10x_gpio.o
#        E:\AnyID\Git\YY\CS1110\Boot\CS1110\Build\Obj\stm32f10x_it.o
#        E:\AnyID\Git\YY\CS1110\Boot\CS1110\Build\Obj\stm32f10x_iwdg.o
#        E:\AnyID\Git\YY\CS1110\Boot\CS1110\Build\Obj\stm32f10x_rcc.o
#        E:\AnyID\Git\YY\CS1110\Boot\CS1110\Build\Obj\stm32f10x_usart.o
#        E:\AnyID\Git\YY\CS1110\Boot\CS1110\Build\Obj\system_stm32f10x.o
#        --redirect _Printf=_PrintfFull --redirect _Scanf=_ScanfFull
#        --no_out_extension -o
#        E:\AnyID\Git\YY\CS1110\Boot\CS1110\Build\Exe\Boot.out --map
#        E:\AnyID\Git\YY\CS1110\Boot\CS1110\Build\List\Boot.map --config
#        E:\AnyID\Git\YY\CS1110\Boot\CS1110\GD32F303xC.icf --semihosting
#        --entry __iar_program_start --vfe --text_out locale)
#
###############################################################################

*******************************************************************************
*** RUNTIME MODEL ATTRIBUTES
***

CppFlavor       = *
__SystemLibrary = DLib
__dlib_version  = 6


*******************************************************************************
*** HEAP SELECTION
***

The basic heap was selected because no calls to memory allocation
functions were found in the application outside of system library
functions, and there are calls to deallocation functions in the
application.


*******************************************************************************
*** PLACEMENT SUMMARY
***

"A0":  place at address 0x800'0000 { ro section .intvec };
"P1":  place in [from 0x800'0000 to 0x803'ffff] { ro };
define block CSTACK with size = 1K, alignment = 8 { };
define block HEAP with size = 512, alignment = 8 { };
"P2":  place in [from 0x2000'0000 to 0x2000'bfff] {
          rw, block CSTACK, block HEAP };
initialize by copy { rw };

  Section            Kind         Address    Size  Object
  -------            ----         -------    ----  ------
"A0":                                        0xec
  .intvec            ro code   0x800'0000    0xec  startup_stm32f10x_md.o [1]
                             - 0x800'00ec    0xec

"P1":                                      0x2380
  .text              ro code   0x800'00ec   0x5b0  AnyID_Boot_SysCfg.o [1]
  .text              ro code   0x800'069c   0x318  stm32f10x_rcc.o [1]
  .text              ro code   0x800'09b4   0x190  stm32f10x_flash.o [1]
  .text              ro code   0x800'0b44    0xb8  misc.o [1]
  .text              ro code   0x800'0bfc   0x180  stm32f10x_gpio.o [1]
  .text              ro code   0x800'0d7c   0x21c  AnyID_Boot_FRam_HL.o [1]
  .text              ro code   0x800'0f98   0x1ac  AnyID_Boot_FRam.o [1]
  .text              ro code   0x800'1144   0x128  AnyID_Boot_Uart_HL.o [1]
  .text              ro code   0x800'126c    0xa4  AnyID_Boot_SysTick_HL.o [1]
  .text              ro code   0x800'1310   0x2c6  stm32f10x_usart.o [1]
  .text              ro code   0x800'15d6   0x118  AnyID_Uart_Receive.o [1]
  .text              ro code   0x800'16ee    0x3a  zero_init3.o [3]
  .text              ro code   0x800'1728    0x66  ABImemset.o [3]
  .text              ro code   0x800'178e    0x2e  copy_init3.o [3]
  .text              ro code   0x800'17bc    0x68  memcmp.o [3]
  .text              ro code   0x800'1824    0xa6  ABImemcpy.o [3]
  .text              ro code   0x800'18cc    0x48  AnyID_Stdlib.o [1]
  .text              ro code   0x800'1914   0x55a  AnyID_Boot_Uart.o [1]
  .text              ro code   0x800'1e6e   0x236  AnyID_FRam.o [1]
  .text              ro code   0x800'20a4   0x110  system_stm32f10x.o [1]
  .text              ro code   0x800'21b4    0xc2  stm32f10x_it.o [1]
  .rodata            const     0x800'2278    0x34  AnyID_Boot_SysCfg.o [1]
  .text              ro code   0x800'22ac    0x28  data_init.o [3]
  .iar.init_table    const     0x800'22d4    0x24  - Linker created -
  .text              ro code   0x800'22f8    0x1e  cmain.o [3]
  .text              ro code   0x800'2316     0x4  low_level_init.o [2]
  .text              ro code   0x800'231a    0x14  main.o [1]
  .text              ro code   0x800'232e     0x4  exit.o [2]
  .text              ro code   0x800'2334     0xa  cexit.o [3]
  .text              ro code   0x800'2340    0x14  exit.o [4]
  Initializer bytes  const     0x800'2354    0x14  <for P2-1>
  .text              ro code   0x800'2368    0x10  startup_stm32f10x_md.o [1]
  .rodata            const     0x800'2378     0xc  AnyID_Boot_SysCfg.o [1]
  .text              ro code   0x800'2384     0xc  cstartup_M.o [3]
  .rodata            const     0x800'2390     0x8  AnyID_Boot_FRam_HL.o [1]
  .rodata            const     0x800'2398     0x8  AnyID_Boot_FRam_HL.o [1]
  .rodata            const     0x800'23a0     0x8  AnyID_Boot_SysCfg.o [1]
  .rodata            const     0x800'23a8     0x8  AnyID_Boot_SysCfg.o [1]
  .rodata            const     0x800'23b0     0x8  AnyID_Boot_Uart_HL.o [1]
  .rodata            const     0x800'23b8     0x8  AnyID_Boot_Uart_HL.o [1]
  .rodata            const     0x800'23c0     0x8  AnyID_Boot_Uart_HL.o [1]
  .text              ro code   0x800'23c8     0x4  startup_stm32f10x_md.o [1]
  .text              ro code   0x800'23cc     0x4  startup_stm32f10x_md.o [1]
  .text              ro code   0x800'23d0     0x4  startup_stm32f10x_md.o [1]
  .text              ro code   0x800'23d4     0x4  startup_stm32f10x_md.o [1]
  .text              ro code   0x800'23d8     0x4  startup_stm32f10x_md.o [1]
  .text              ro code   0x800'23dc     0x4  startup_stm32f10x_md.o [1]
  .text              ro code   0x800'23e0     0x4  startup_stm32f10x_md.o [1]
  .text              ro code   0x800'23e4     0x4  startup_stm32f10x_md.o [1]
  .text              ro code   0x800'23e8     0x4  startup_stm32f10x_md.o [1]
  .text              ro code   0x800'23ec     0x4  startup_stm32f10x_md.o [1]
  .text              ro code   0x800'23f0     0x4  startup_stm32f10x_md.o [1]
  .text              ro code   0x800'23f4     0x4  startup_stm32f10x_md.o [1]
  .text              ro code   0x800'23f8     0x4  startup_stm32f10x_md.o [1]
  .text              ro code   0x800'23fc     0x4  startup_stm32f10x_md.o [1]
  .text              ro code   0x800'2400     0x4  startup_stm32f10x_md.o [1]
  .text              ro code   0x800'2404     0x4  startup_stm32f10x_md.o [1]
  .text              ro code   0x800'2408     0x4  startup_stm32f10x_md.o [1]
  .text              ro code   0x800'240c     0x4  startup_stm32f10x_md.o [1]
  .text              ro code   0x800'2410     0x4  startup_stm32f10x_md.o [1]
  .text              ro code   0x800'2414     0x4  startup_stm32f10x_md.o [1]
  .text              ro code   0x800'2418     0x4  startup_stm32f10x_md.o [1]
  .text              ro code   0x800'241c     0x4  startup_stm32f10x_md.o [1]
  .text              ro code   0x800'2420     0x4  startup_stm32f10x_md.o [1]
  .text              ro code   0x800'2424     0x4  startup_stm32f10x_md.o [1]
  .text              ro code   0x800'2428     0x4  startup_stm32f10x_md.o [1]
  .text              ro code   0x800'242c     0x4  startup_stm32f10x_md.o [1]
  .text              ro code   0x800'2430     0x4  startup_stm32f10x_md.o [1]
  .text              ro code   0x800'2434     0x4  startup_stm32f10x_md.o [1]
  .text              ro code   0x800'2438     0x4  startup_stm32f10x_md.o [1]
  .text              ro code   0x800'243c     0x4  startup_stm32f10x_md.o [1]
  .text              ro code   0x800'2440     0x4  startup_stm32f10x_md.o [1]
  .text              ro code   0x800'2444     0x4  startup_stm32f10x_md.o [1]
  .text              ro code   0x800'2448     0x4  startup_stm32f10x_md.o [1]
  .text              ro code   0x800'244c     0x4  startup_stm32f10x_md.o [1]
  .text              ro code   0x800'2450     0x4  startup_stm32f10x_md.o [1]
  .text              ro code   0x800'2454     0x4  startup_stm32f10x_md.o [1]
  .text              ro code   0x800'2458     0x4  startup_stm32f10x_md.o [1]
  .text              ro code   0x800'245c     0x4  startup_stm32f10x_md.o [1]
  .text              ro code   0x800'2460     0x4  startup_stm32f10x_md.o [1]
  .text              ro code   0x800'2464     0x4  startup_stm32f10x_md.o [1]
  .text              ro code   0x800'2468     0x4  startup_stm32f10x_md.o [1]
  .rodata            const     0x800'246c     0x0  zero_init3.o [3]
  .rodata            const     0x800'246c     0x0  copy_init3.o [3]
                             - 0x800'246c  0x2380

"P2", part 1 of 3:                           0x14
  P2-1                        0x2000'0000    0x14  <Init block>
    .data            inited   0x2000'0000    0x10  stm32f10x_rcc.o [1]
    .data            inited   0x2000'0010     0x4  stm32f10x_rcc.o [1]
                            - 0x2000'0014    0x14

"P2", part 2 of 3:                         0x1b48
  .bss               zero     0x2000'0014   0x90c  AnyID_Boot_Uart.o [1]
  .bss               zero     0x2000'0920   0x90c  AnyID_Uart_Receive.o [1]
  .bss               zero     0x2000'122c   0x904  AnyID_Boot_Uart.o [1]
  .bss               zero     0x2000'1b30     0x8  AnyID_Boot_FRam.o [1]
  .bss               zero     0x2000'1b38     0x4  AnyID_Boot_SysCfg.o [1]
  .bss               zero     0x2000'1b3c     0x4  AnyID_Boot_SysCfg.o [1]
  .bss               zero     0x2000'1b40     0x4  AnyID_Boot_SysCfg.o [1]
  .bss               zero     0x2000'1b44     0x4  AnyID_Boot_SysCfg.o [1]
  .bss               zero     0x2000'1b48     0x4  AnyID_Boot_SysCfg.o [1]
  .bss               zero     0x2000'1b4c     0x4  AnyID_Boot_SysCfg.o [1]
  .bss               zero     0x2000'1b50     0x4  AnyID_Boot_SysTick_HL.o [1]
  .bss               zero     0x2000'1b54     0x4  AnyID_Boot_SysTick_HL.o [1]
  .bss               zero     0x2000'1b58     0x1  AnyID_Boot_SysCfg.o [1]
                            - 0x2000'1b59  0x1b45

"P2", part 3 of 3:                          0x400
  CSTACK                      0x2000'1b60   0x400  <Block>
    CSTACK           uninit   0x2000'1b60   0x400  <Block tail>
                            - 0x2000'1f60   0x400

Unused ranges:

         From           To      Size
         ----           --      ----
   0x800'246c   0x803'ffff  0x3'db94
  0x2000'1b5c  0x2000'1b5f       0x4
  0x2000'1f60  0x2000'bfff    0xa0a0


*******************************************************************************
*** INIT TABLE
***

          Address      Size
          -------      ----
Zero (__iar_zero_init3)
    1 destination range, total size 0x1b45:
          0x2000'0014  0x1b45

Copy (__iar_copy_init3)
    1 source range, total size 0x14:
           0x800'2354    0x14
    1 destination range, total size 0x14:
          0x2000'0000    0x14



*******************************************************************************
*** MODULE SUMMARY
***

    Module                   ro code  ro data  rw data
    ------                   -------  -------  -------
command line/config:
    --------------------------------------------------
    Total:

E:\AnyID\Git\YY\CS1110\Boot\CS1110\Build\Obj: [1]
    AnyID_Boot_FRam.o            428                 8
    AnyID_Boot_FRam_HL.o         540       16
    AnyID_Boot_SysCfg.o        1'456       80       25
    AnyID_Boot_SysTick_HL.o      164                 8
    AnyID_Boot_Uart.o          1'370             4'624
    AnyID_Boot_Uart_HL.o         296       24
    AnyID_FRam.o                 566
    AnyID_Stdlib.o                72
    AnyID_Uart_Receive.o         280             2'316
    main.o                        20
    misc.o                       184
    startup_stm32f10x_md.o       416
    stm32f10x_flash.o            400
    stm32f10x_gpio.o             384
    stm32f10x_it.o               194
    stm32f10x_rcc.o              792       20       20
    stm32f10x_usart.o            710
    system_stm32f10x.o           272
    --------------------------------------------------
    Total:                     8'544      140    7'001

dl7M_tlf.a: [2]
    exit.o                         4
    low_level_init.o               4
    --------------------------------------------------
    Total:                         8

rt7M_tl.a: [3]
    ABImemcpy.o                  166
    ABImemset.o                  102
    cexit.o                       10
    cmain.o                       30
    copy_init3.o                  46
    cstartup_M.o                  12
    data_init.o                   40
    memcmp.o                     104
    zero_init3.o                  58
    --------------------------------------------------
    Total:                       568

shb_l.a: [4]
    exit.o                        20
    --------------------------------------------------
    Total:                        20

    Gaps                           6        2
    Linker created                         36    1'024
------------------------------------------------------
    Grand Total:               9'146      178    8'025


*******************************************************************************
*** ENTRY LIST
***

Entry                       Address   Size  Type      Object
-----                       -------   ----  ----      ------
.iar.init_table$$Base    0x800'22d4          --   Gb  - Linker created -
.iar.init_table$$Limit   0x800'22f8          --   Gb  - Linker created -
?main                    0x800'22f9         Code  Gb  cmain.o [3]
ADCPrescTable           0x2000'0010    0x4  Data  Lc  stm32f10x_rcc.o [1]
APBAHBPrescTable        0x2000'0000   0x10  Data  Lc  stm32f10x_rcc.o [1]
BL_ReadImagePage         0x800'1e0b   0x3e  Code  Gb  AnyID_Boot_Uart.o [1]
BL_WriteImagePage        0x800'1dbf   0x4c  Code  Gb  AnyID_Boot_Uart.o [1]
BusFault_Handler         0x800'21bb    0x2  Code  Gb  stm32f10x_it.o [1]
CSTACK$$Base            0x2000'1b60          --   Gb  - Linker created -
CSTACK$$Limit           0x2000'1f60          --   Gb  - Linker created -
DMA1_Channel1_IRQHandler
                         0x800'2275    0x2  Code  Gb  stm32f10x_it.o [1]
DebugMon_Handler         0x800'21c1    0x2  Code  Gb  stm32f10x_it.o [1]
FLASH_ErasePage          0x800'09fb   0x54  Code  Gb  stm32f10x_flash.o [1]
FLASH_GetBank1Status     0x800'0acf   0x28  Code  Gb  stm32f10x_flash.o [1]
FLASH_Lock               0x800'09ed    0xe  Code  Gb  stm32f10x_flash.o [1]
FLASH_PrefetchBufferCmd
                         0x800'09c7   0x14  Code  Gb  stm32f10x_flash.o [1]
FLASH_ProgramWord        0x800'0a4f   0x80  Code  Gb  stm32f10x_flash.o [1]
FLASH_SetLatency         0x800'09b5   0x12  Code  Gb  stm32f10x_flash.o [1]
FLASH_Unlock             0x800'09db   0x12  Code  Gb  stm32f10x_flash.o [1]
FLASH_WaitForLastOperation
                         0x800'0b15   0x30  Code  Gb  stm32f10x_flash.o [1]
FRAM_SCL_PORT            0x800'2398    0x8  Data  Gb  AnyID_Boot_FRam_HL.o [1]
FRAM_SDA_PORT            0x800'2390    0x8  Data  Gb  AnyID_Boot_FRam_HL.o [1]
FRam_Delayms             0x800'0dbb   0x12  Code  Gb  AnyID_Boot_FRam_HL.o [1]
FRam_I2CAck              0x800'0e55   0x30  Code  Gb  AnyID_Boot_FRam_HL.o [1]
FRam_I2CDelay            0x800'0dad    0xe  Code  Gb  AnyID_Boot_FRam_HL.o [1]
FRam_I2CNoAck            0x800'0e85   0x30  Code  Gb  AnyID_Boot_FRam_HL.o [1]
FRam_I2CReceiveByte      0x800'0f41   0x4e  Code  Gb  AnyID_Boot_FRam_HL.o [1]
FRam_I2CSendByte         0x800'0ef7   0x4a  Code  Gb  AnyID_Boot_FRam_HL.o [1]
FRam_I2CStart            0x800'0dcd   0x58  Code  Gb  AnyID_Boot_FRam_HL.o [1]
FRam_I2CStop             0x800'0e25   0x30  Code  Gb  AnyID_Boot_FRam_HL.o [1]
FRam_I2CWaitAck          0x800'0eb5   0x42  Code  Gb  AnyID_Boot_FRam_HL.o [1]
FRam_InitInterface       0x800'0d7d   0x30  Code  Gb  AnyID_Boot_FRam_HL.o [1]
FRam_ReadBuffer          0x800'1e6f   0xe2  Code  Gb  AnyID_FRam.o [1]
FRam_WriteBuffer         0x800'1ffd   0xa8  Code  Gb  AnyID_FRam.o [1]
FRam_WritePage           0x800'1f51   0xac  Code  Gb  AnyID_FRam.o [1]
Fram_ReadBootParamenter
                         0x800'0f99  0x108  Code  Gb  AnyID_Boot_FRam.o [1]
Fram_WriteBackupBootParamenter
                         0x800'10fb   0x44  Code  Gb  AnyID_Boot_FRam.o [1]
Fram_WriteBootParamenter
                         0x800'10a1   0x5a  Code  Gb  AnyID_Boot_FRam.o [1]
GPIO_Init                0x800'0bfd   0xea  Code  Gb  stm32f10x_gpio.o [1]
GPIO_PinRemapConfig      0x800'0cef   0x84  Code  Gb  stm32f10x_gpio.o [1]
GPIO_SetBits             0x800'0ce7    0x8  Code  Gb  stm32f10x_gpio.o [1]
HardFault_Handler        0x800'21b7    0x2  Code  Gb  stm32f10x_it.o [1]
JumpAddress             0x2000'1b4c    0x4  Data  Gb  AnyID_Boot_SysCfg.o [1]
Jump_To_Application     0x2000'1b48    0x4  Data  Gb  AnyID_Boot_SysCfg.o [1]
MemManage_Handler        0x800'21b9    0x2  Code  Gb  stm32f10x_it.o [1]
NMI_Handler              0x800'21b5    0x2  Code  Gb  stm32f10x_it.o [1]
NVIC_Init                0x800'0b4f   0x66  Code  Gb  misc.o [1]
NVIC_PriorityGroupConfig
                         0x800'0b45    0xa  Code  Gb  misc.o [1]
NVIC_SetVectorTable      0x800'0bb5    0xc  Code  Gb  misc.o [1]
PendSV_Handler           0x800'21c3    0x2  Code  Gb  stm32f10x_it.o [1]
RCC_ADCCLKConfig         0x800'07c9   0x10  Code  Gb  stm32f10x_rcc.o [1]
RCC_APB1PeriphClockCmd   0x800'08cd   0x1c  Code  Gb  stm32f10x_rcc.o [1]
RCC_APB1PeriphResetCmd   0x800'0905   0x1c  Code  Gb  stm32f10x_rcc.o [1]
RCC_APB2PeriphClockCmd   0x800'08b1   0x1c  Code  Gb  stm32f10x_rcc.o [1]
RCC_APB2PeriphResetCmd   0x800'08e9   0x1c  Code  Gb  stm32f10x_rcc.o [1]
RCC_DeInit               0x800'069d   0x40  Code  Gb  stm32f10x_rcc.o [1]
RCC_GetClocksFreq        0x800'07d9   0xd8  Code  Gb  stm32f10x_rcc.o [1]
RCC_GetFlagStatus        0x800'0921   0x46  Code  Gb  stm32f10x_rcc.o [1]
RCC_GetSYSCLKSource      0x800'0787    0xa  Code  Gb  stm32f10x_rcc.o [1]
RCC_HCLKConfig           0x800'0791   0x10  Code  Gb  stm32f10x_rcc.o [1]
RCC_HSEConfig            0x800'06dd   0x3a  Code  Gb  stm32f10x_rcc.o [1]
RCC_PCLK1Config          0x800'07a1   0x10  Code  Gb  stm32f10x_rcc.o [1]
RCC_PCLK2Config          0x800'07b1   0x12  Code  Gb  stm32f10x_rcc.o [1]
RCC_PLLCmd               0x800'076d    0xa  Code  Gb  stm32f10x_rcc.o [1]
RCC_PLLConfig            0x800'0755   0x18  Code  Gb  stm32f10x_rcc.o [1]
RCC_SYSCLKConfig         0x800'0777   0x10  Code  Gb  stm32f10x_rcc.o [1]
RCC_USBCLKConfig         0x800'07c3    0x6  Code  Gb  stm32f10x_rcc.o [1]
RCC_WaitForHSEStartUp    0x800'0717   0x3e  Code  Gb  stm32f10x_rcc.o [1]
Region$$Table$$Base      0x800'22d4          --   Gb  - Linker created -
Region$$Table$$Limit     0x800'22f8          --   Gb  - Linker created -
STick_InitSysTick        0x800'12c9   0x26  Code  Gb  AnyID_Boot_SysTick_HL.o [1]
SVC_Handler              0x800'21bf    0x2  Code  Gb  stm32f10x_it.o [1]
SYS_BOOT_VERSION         0x800'2278   0x34  Data  Gb  AnyID_Boot_SysCfg.o [1]
SYS_RUNLED_COM           0x800'23a8    0x8  Data  Gb  AnyID_Boot_SysCfg.o [1]
SetSysClock              0x800'20e1    0x8  Code  Lc  system_stm32f10x.o [1]
SetSysClockTo72          0x800'20e9   0xb0  Code  Lc  system_stm32f10x.o [1]
SysTick_CLKSourceConfig
                         0x800'0bc1   0x1c  Code  Gb  misc.o [1]
SysTick_Config           0x800'1299   0x30  Code  Lc  AnyID_Boot_SysTick_HL.o [1]
SysTick_Handler          0x800'21c5   0x42  Code  Gb  stm32f10x_it.o [1]
Sys_BootTask             0x800'02d9   0x46  Code  Gb  AnyID_Boot_SysCfg.o [1]
Sys_CfgClock             0x800'00ff   0x76  Code  Gb  AnyID_Boot_SysCfg.o [1]
Sys_CfgNVIC              0x800'0191   0x16  Code  Gb  AnyID_Boot_SysCfg.o [1]
Sys_CfgPeriphClk         0x800'0175   0x1c  Code  Gb  AnyID_Boot_SysCfg.o [1]
Sys_CheckVersion         0x800'0375   0x72  Code  Gb  AnyID_Boot_SysCfg.o [1]
Sys_CtrlIOInit           0x800'01a7   0x2c  Code  Gb  AnyID_Boot_SysCfg.o [1]
Sys_Delayms              0x800'00ed   0x12  Code  Gb  AnyID_Boot_SysCfg.o [1]
Sys_Init                 0x800'01d3   0x84  Code  Gb  AnyID_Boot_SysCfg.o [1]
Sys_Jump                 0x800'0291   0x48  Code  Gb  AnyID_Boot_SysCfg.o [1]
Sys_LedTask              0x800'0257   0x3a  Code  Gb  AnyID_Boot_SysCfg.o [1]
Sys_LedTask{1}{2}::ledTimes
                        0x2000'1b44    0x4  Data  Lc  AnyID_Boot_SysCfg.o [1]
Sys_ProcessBootFrame     0x800'03e7  0x25e  Code  Gb  AnyID_Boot_SysCfg.o [1]
Sys_UartTask             0x800'031f   0x56  Code  Gb  AnyID_Boot_SysCfg.o [1]
SystemInit               0x800'20a5   0x3c  Code  Gb  system_stm32f10x.o [1]
UART_PORT_POE            0x800'23c0    0x8  Data  Gb  AnyID_Boot_Uart_HL.o [1]
UART_PORT_RX             0x800'23b8    0x8  Data  Gb  AnyID_Boot_Uart_HL.o [1]
UART_PORT_TX             0x800'23b0    0x8  Data  Gb  AnyID_Boot_Uart_HL.o [1]
USART3_IRQHandler        0x800'2207   0x54  Code  Gb  stm32f10x_it.o [1]
USART_ClearFlag          0x800'1537   0x10  Code  Gb  stm32f10x_usart.o [1]
USART_ClearITPendingBit
                         0x800'15b1   0x26  Code  Gb  stm32f10x_usart.o [1]
USART_Cmd                0x800'148d   0x1e  Code  Gb  stm32f10x_usart.o [1]
USART_DeInit             0x800'1311   0x90  Code  Gb  stm32f10x_usart.o [1]
USART_GetFlagStatus      0x800'151b   0x1c  Code  Gb  stm32f10x_usart.o [1]
USART_GetITStatus        0x800'1547   0x6a  Code  Gb  stm32f10x_usart.o [1]
USART_ITConfig           0x800'14ab   0x70  Code  Gb  stm32f10x_usart.o [1]
USART_Init               0x800'13a1   0xd6  Code  Gb  stm32f10x_usart.o [1]
Uart_CalCrc              0x800'1915   0x58  Code  Gb  AnyID_Boot_Uart.o [1]
Uart_ConfigInt           0x800'11f5   0x22  Code  Gb  AnyID_Boot_Uart_HL.o [1]
Uart_EnableInt           0x800'1217   0x30  Code  Gb  AnyID_Boot_Uart_HL.o [1]
Uart_EraseFlash          0x800'1da9   0x16  Code  Gb  AnyID_Boot_Uart.o [1]
Uart_InitInterface       0x800'1145   0xb0  Code  Gb  AnyID_Boot_Uart_HL.o [1]
Uart_IsRcvFrameOver      0x800'16c5   0x2a  Code  Gb  AnyID_Uart_Receive.o [1]
Uart_ReceiveFrame        0x800'15d7   0xee  Code  Gb  AnyID_Uart_Receive.o [1]
Uart_RspBoot             0x800'1a2d   0x94  Code  Gb  AnyID_Boot_Uart.o [1]
Uart_RspDownload         0x800'1be9  0x11c  Code  Gb  AnyID_Boot_Uart.o [1]
Uart_RspErase            0x800'1d05   0x9e  Code  Gb  AnyID_Boot_Uart.o [1]
Uart_RspFrame            0x800'196d   0xc0  Code  Gb  AnyID_Boot_Uart.o [1]
Uart_RspJmp              0x800'1ac1   0x94  Code  Gb  AnyID_Boot_Uart.o [1]
Uart_RspReset            0x800'1b55   0x94  Code  Gb  AnyID_Boot_Uart.o [1]
Uart_WriteBuffer         0x800'1e49   0x26  Code  Gb  AnyID_Boot_Uart.o [1]
Uart_WriteByte           0x800'1247   0x12  Code  Gb  AnyID_Boot_Uart_HL.o [1]
UsageFault_Handler       0x800'21bd    0x2  Code  Gb  stm32f10x_it.o [1]
__ICFEDIT_region_RAM_end__ {Abs}
                        0x2000'bfff         Data  Gb  <internal module>
__ICFEDIT_region_RAM_start__ {Abs}
                        0x2000'0000         Data  Gb  <internal module>
__NVIC_SetPriority       0x800'126d   0x2c  Code  Lc  AnyID_Boot_SysTick_HL.o [1]
__aeabi_memcpy           0x800'1825         Code  Gb  ABImemcpy.o [3]
__aeabi_memcpy4          0x800'1845         Code  Gb  ABImemcpy.o [3]
__aeabi_memcpy8          0x800'1845         Code  Gb  ABImemcpy.o [3]
__aeabi_memset           0x800'1729         Code  Gb  ABImemset.o [3]
__cmain                  0x800'22f9         Code  Gb  cmain.o [3]
__exit                   0x800'2341   0x14  Code  Gb  exit.o [4]
__iar_Memset             0x800'1729         Code  Gb  ABImemset.o [3]
__iar_Memset_word        0x800'1731         Code  Gb  ABImemset.o [3]
__iar_copy_init3         0x800'178f   0x2e  Code  Gb  copy_init3.o [3]
__iar_data_init3         0x800'22ad   0x28  Code  Gb  data_init.o [3]
__iar_program_start      0x800'2385         Code  Gb  cstartup_M.o [3]
__iar_zero_init3         0x800'16ef   0x3a  Code  Gb  zero_init3.o [3]
__low_level_init         0x800'2317    0x4  Code  Gb  low_level_init.o [2]
__vector_table           0x800'0000         Data  Gb  startup_stm32f10x_md.o [1]
_call_main               0x800'2305         Code  Gb  cmain.o [3]
_exit                    0x800'2335         Code  Gb  cexit.o [3]
_main                    0x800'2313         Code  Gb  cmain.o [3]
a_GetCrc                 0x800'18cd   0x48  Code  Gb  AnyID_Stdlib.o [1]
exit                     0x800'232f    0x4  Code  Gb  exit.o [2]
g_nDeviceComType        0x2000'1b58    0x1  Data  Gb  AnyID_Boot_SysCfg.o [1]
g_nDeviceNxtDownloadAddr
                        0x2000'1b40    0x4  Data  Gb  AnyID_Boot_SysCfg.o [1]
g_nDeviceNxtEraseAddr   0x2000'1b3c    0x4  Data  Gb  AnyID_Boot_SysCfg.o [1]
g_nSysDelay             0x2000'1b54    0x4  Data  Gb  AnyID_Boot_SysTick_HL.o [1]
g_nSysState             0x2000'1b38    0x4  Data  Gb  AnyID_Boot_SysCfg.o [1]
g_nSysTick              0x2000'1b50    0x4  Data  Gb  AnyID_Boot_SysTick_HL.o [1]
g_sFramBootParamenter   0x2000'1b30    0x8  Data  Gb  AnyID_Boot_FRam.o [1]
g_sUartRcvFrame         0x2000'0014  0x90c  Data  Gb  AnyID_Boot_Uart.o [1]
g_sUartTempRcvFrame     0x2000'0920  0x90c  Data  Gb  AnyID_Uart_Receive.o [1]
g_sUartTxFrame          0x2000'122c  0x904  Data  Gb  AnyID_Boot_Uart.o [1]
main                     0x800'231b   0x14  Code  Gb  main.o [1]
memcmp                   0x800'17bd         Code  Gb  memcmp.o [3]


[1] = E:\AnyID\Git\YY\CS1110\Boot\CS1110\Build\Obj
[2] = dl7M_tlf.a
[3] = rt7M_tl.a
[4] = shb_l.a

  9'146 bytes of readonly  code memory
    178 bytes of readonly  data memory
  8'025 bytes of readwrite data memory

Errors: none
Warnings: none
