###############################################################################
#
# IAR ELF Linker V8.40.1.212/W32 for ARM                  29/Jun/2023  19:02:01
# Copyright 2007-2019 IAR Systems AB.
#
#    Output file  =  E:\AnyID\Git\YY\CS1110\CS1110\Build\Exe\CS1110.out
#    Map file     =  E:\AnyID\Git\YY\CS1110\CS1110\Build\List\CS1110.map
#    Command line =
#        -f C:\Users\Administrator\AppData\Local\Temp\EWB45D.tmp
#        (E:\AnyID\Git\YY\CS1110\CS1110\Build\Obj\AnyID_CS1110_DishLcm.o
#        E:\AnyID\Git\YY\CS1110\CS1110\Build\Obj\AnyID_CS1110_DishLcm_HL.o
#        E:\AnyID\Git\YY\CS1110\CS1110\Build\Obj\AnyID_CS1110_Flash_HL.o
#        E:\AnyID\Git\YY\CS1110\CS1110\Build\Obj\AnyID_CS1110_FlashM25.o
#        E:\AnyID\Git\YY\CS1110\CS1110\Build\Obj\AnyID_CS1110_FRam.o
#        E:\AnyID\Git\YY\CS1110\CS1110\Build\Obj\AnyID_CS1110_FRam_HL.o
#        E:\AnyID\Git\YY\CS1110\CS1110\Build\Obj\Anyid_CS1110_Key.o
#        E:\AnyID\Git\YY\CS1110\CS1110\Build\Obj\Anyid_CS1110_Key_HL.o
#        E:\AnyID\Git\YY\CS1110\CS1110\Build\Obj\Anyid_CS1110_Reader.o
#        E:\AnyID\Git\YY\CS1110\CS1110\Build\Obj\Anyid_Cs1110_Rfid.o
#        E:\AnyID\Git\YY\CS1110\CS1110\Build\Obj\Anyid_Cs1110_Rfid_HL.o
#        E:\AnyID\Git\YY\CS1110\CS1110\Build\Obj\AnyID_CS1110_RTC.o
#        E:\AnyID\Git\YY\CS1110\CS1110\Build\Obj\Anyid_CS1110_Sound.o
#        E:\AnyID\Git\YY\CS1110\CS1110\Build\Obj\Anyid_CS1110_Sound_HL.o
#        E:\AnyID\Git\YY\CS1110\CS1110\Build\Obj\AnyID_CS1110_ST25R391x_HL.o
#        E:\AnyID\Git\YY\CS1110\CS1110\Build\Obj\AnyID_CS1110_SysCfg.o
#        E:\AnyID\Git\YY\CS1110\CS1110\Build\Obj\AnyID_CS1110_SysTick_HL.o
#        E:\AnyID\Git\YY\CS1110\CS1110\Build\Obj\AnyID_CS1110_Uart.o
#        E:\AnyID\Git\YY\CS1110\CS1110\Build\Obj\AnyID_CS1110_Uart_HL.o
#        E:\AnyID\Git\YY\CS1110\CS1110\Build\Obj\AnyID_Cs1110_WDG_HL.o
#        E:\AnyID\Git\YY\CS1110\CS1110\Build\Obj\Anyid_CS1110_Wight.o
#        E:\AnyID\Git\YY\CS1110\CS1110\Build\Obj\Anyid_CS1110_Wight_HL.o
#        E:\AnyID\Git\YY\CS1110\CS1110\Build\Obj\AnyID_FlashM25.o
#        E:\AnyID\Git\YY\CS1110\CS1110\Build\Obj\AnyID_FRam.o
#        E:\AnyID\Git\YY\CS1110\CS1110\Build\Obj\AnyID_ST25R391x.o
#        E:\AnyID\Git\YY\CS1110\CS1110\Build\Obj\AnyID_ST25R391x_ISO15693.o
#        E:\AnyID\Git\YY\CS1110\CS1110\Build\Obj\AnyID_Stdlib.o
#        E:\AnyID\Git\YY\CS1110\CS1110\Build\Obj\AnyID_Uart_Receive.o
#        E:\AnyID\Git\YY\CS1110\CS1110\Build\Obj\main.o
#        E:\AnyID\Git\YY\CS1110\CS1110\Build\Obj\misc.o
#        E:\AnyID\Git\YY\CS1110\CS1110\Build\Obj\startup_stm32f10x_hd.o
#        E:\AnyID\Git\YY\CS1110\CS1110\Build\Obj\stm32f10x_adc.o
#        E:\AnyID\Git\YY\CS1110\CS1110\Build\Obj\stm32f10x_bkp.o
#        E:\AnyID\Git\YY\CS1110\CS1110\Build\Obj\stm32f10x_dma.o
#        E:\AnyID\Git\YY\CS1110\CS1110\Build\Obj\stm32f10x_exti.o
#        E:\AnyID\Git\YY\CS1110\CS1110\Build\Obj\stm32f10x_flash.o
#        E:\AnyID\Git\YY\CS1110\CS1110\Build\Obj\stm32f10x_gpio.o
#        E:\AnyID\Git\YY\CS1110\CS1110\Build\Obj\stm32f10x_it.o
#        E:\AnyID\Git\YY\CS1110\CS1110\Build\Obj\stm32f10x_iwdg.o
#        E:\AnyID\Git\YY\CS1110\CS1110\Build\Obj\stm32f10x_pwr.o
#        E:\AnyID\Git\YY\CS1110\CS1110\Build\Obj\stm32f10x_rcc.o
#        E:\AnyID\Git\YY\CS1110\CS1110\Build\Obj\stm32f10x_rtc.o
#        E:\AnyID\Git\YY\CS1110\CS1110\Build\Obj\stm32f10x_spi.o
#        E:\AnyID\Git\YY\CS1110\CS1110\Build\Obj\stm32f10x_tim.o
#        E:\AnyID\Git\YY\CS1110\CS1110\Build\Obj\stm32f10x_usart.o
#        E:\AnyID\Git\YY\CS1110\CS1110\Build\Obj\system_stm32f10x.o --redirect
#        _Printf=_PrintfFull --redirect _Scanf=_ScanfFull --no_out_extension -o
#        E:\AnyID\Git\YY\CS1110\CS1110\Build\Exe\CS1110.out --map
#        E:\AnyID\Git\YY\CS1110\CS1110\Build\List\CS1110.map --config
#        E:\AnyID\Git\YY\CS1110\CS1110\GD32F303xC.icf --semihosting --entry
#        __iar_program_start --vfe --text_out locale)
#
###############################################################################

*******************************************************************************
*** RUNTIME MODEL ATTRIBUTES
***

CppFlavor       = *
__SystemLibrary = DLib
__dlib_version  = 6


*******************************************************************************
*** HEAP SELECTION
***

The basic heap was selected because no calls to memory allocation
functions were found in the application outside of system library
functions, and there are calls to deallocation functions in the
application.


*******************************************************************************
*** PLACEMENT SUMMARY
***

"A0":  place at address 0x800'4000 { ro section .intvec };
"P1":  place in [from 0x800'4000 to 0x803'ffff] { ro };
define block CSTACK with size = 8K, alignment = 8 { };
define block HEAP with size = 2K, alignment = 8 { };
"P2":  place in [from 0x2000'0000 to 0x2000'bfff] {
          rw, block CSTACK, block HEAP };
initialize by copy { rw };

  Section            Kind         Address    Size  Object
  -------            ----         -------    ----  ------
"A0":                                       0x130
  .intvec            ro code   0x800'4000   0x130  startup_stm32f10x_hd.o [1]
                             - 0x800'4130   0x130

"P1", part 1 of 2:                           0xc5
  .text              ro code   0x800'4130    0x66  ABImemset.o [4]
  .text              ro code   0x800'4198     0x6  ABImemclr.o [4]
  Initializer bytes  const     0x800'419e    0x57  <for P2-1>
                             - 0x800'41f5    0xc5

Absolute sections:                           0x32
  .rodata            const     0x800'5000    0x32  Anyid_CS1110_Reader.o [1]
                             - 0x800'5032    0x32

"P1", part 2 of 2:                         0x9cb8
  .text              ro code   0x800'5034  0x2080  Anyid_CS1110_Reader.o [1]
  .text              ro code   0x800'70b4   0x236  AnyID_FRam.o [1]
  .text              ro code   0x800'72ec    0x48  AnyID_Stdlib.o [1]
  .text              ro code   0x800'7334   0x1ac  AnyID_CS1110_FRam.o [1]
  .text              ro code   0x800'74e0    0x3a  zero_init3.o [4]
  .text              ro code   0x800'751c    0x40  sprintf.o [2]
  .text              ro code   0x800'755c   0x52c  AnyID_CS1110_DishLcm.o [1]
  .text              ro code   0x800'7a88    0xa6  ABImemcpy.o [4]
  .text              ro code   0x800'7b2e    0x1e  xencoding_8859_1.o [2]
  .text              ro code   0x800'7b4c    0x1c  U32ToFlt.o [3]
  .text              ro code   0x800'7b68    0xfc  FltDiv.o [3]
  .text              ro code   0x800'7c64    0xd8  FltMul.o [3]
  .text              ro code   0x800'7d3c    0x2a  FltToS32.o [3]
  .text              ro code   0x800'7d66     0xa  xsprout.o [2]
  .text              ro code   0x800'7d70    0x68  memcmp.o [4]
  .text              ro code   0x800'7dd8    0x86  AnyID_CS1110_RTC.o [1]
  .rodata            const     0x800'7e5e     0x2  xlocale_c.o [2]
  .text              ro code   0x800'7e60   0x228  Anyid_CS1110_Sound.o [1]
  .text              ro code   0x800'8088   0x228  AnyID_CS1110_FRam_HL.o [1]
  .text              ro code   0x800'82b0  0x10c6  xprintffull.o [2]
  .rodata            const     0x800'9376     0x2  xlocale_c.o [2]
  .text              ro code   0x800'9378   0x2a0  AnyID_CS1110_DishLcm_HL.o [1]
  .text              ro code   0x800'9618    0x36  strlen.o [4]
  .rodata            const     0x800'964e     0x1  xlocale_c.o [2]
  .text              ro code   0x800'9650    0x10  stm32f10x_pwr.o [1]
  .text              ro code   0x800'9660    0x10  stm32f10x_bkp.o [1]
  .text              ro code   0x800'9670   0x36c  stm32f10x_rcc.o [1]
  .text              ro code   0x800'99dc    0xe8  stm32f10x_rtc.o [1]
  .text              ro code   0x800'9ac4   0x128  Anyid_CS1110_Sound_HL.o [1]
  .text              ro code   0x800'9bec    0x1a  U32ToDbl.o [3]
  .text              ro code   0x800'9c08   0x758  pow64.o [3]
  .text              ro code   0x800'a360   0x246  DblDiv.o [3]
  .text              ro code   0x800'a5a8   0x1a2  DblMul.o [3]
  .text              ro code   0x800'a74c    0x28  DblToU32.o [3]
  .text              ro code   0x800'a774   0x180  stm32f10x_gpio.o [1]
  .text              ro code   0x800'a8f4    0x7c  xlocale_c.o [2]
  .text              ro code   0x800'a970    0x16  strchr.o [4]
  .text              ro code   0x800'a988    0x40  xfail_s.o [2]
  .text              ro code   0x800'a9c8    0x58  memchr.o [4]
  .text              ro code   0x800'aa20    0x70  frexp.o [3]
  .text              ro code   0x800'aa90    0x2e  DblCmpLe.o [3]
  .text              ro code   0x800'aac0    0x2e  DblCmpGe.o [3]
  .text              ro code   0x800'aaf0   0x13a  ldexp.o [3]
  .text              ro code   0x800'ac2c    0x3a  DblToS32.o [3]
  .text              ro code   0x800'ac68    0x22  S32ToDbl.o [3]
  .text              ro code   0x800'ac8c    0xe2  DblSub.o [3]
  .text              ro code   0x800'ad6e     0xa  xmbcurmax.o [2]
  .text              ro code   0x800'ad78   0x230  I64DivMod.o [4]
  .text              ro code   0x800'afa8   0x2de  stm32f10x_usart.o [1]
  .text              ro code   0x800'b288    0xb8  misc.o [1]
  .text              ro code   0x800'b340   0x17c  stm32f10x_dma.o [1]
  .text              ro code   0x800'b4bc    0x20  DblCmpEq.o [3]
  .text              ro code   0x800'b4dc   0x17a  DblAdd.o [3]
  .text              ro code   0x800'b658   0x374  iar_Exp64.o [3]
  .text              ro code   0x800'b9cc     0x6  abort.o [2]
  .text              ro code   0x800'b9d4     0x2  I64DivZer.o [4]
  .text              ro code   0x800'b9d8    0x14  exit.o [5]
  .text              ro code   0x800'b9ec  0x16cc  AnyID_CS1110_SysCfg.o [1]
  .text              ro code   0x800'd0b8    0x2c  stm32f10x_flash.o [1]
  .text              ro code   0x800'd0e4   0x158  Anyid_CS1110_Key.o [1]
  .text              ro code   0x800'd23c   0x100  AnyID_CS1110_Flash_HL.o [1]
  .text              ro code   0x800'd33c    0x20  AnyID_FlashM25.o [1]
  .text              ro code   0x800'd35c   0x238  Anyid_Cs1110_Rfid.o [1]
  .text              ro code   0x800'd594   0x352  Anyid_CS1110_Wight.o [1]
  .text              ro code   0x800'd8e6    0x18  AnyID_CS1110_Uart.o [1]
  .text              ro code   0x800'd900    0xa4  AnyID_CS1110_SysTick_HL.o [1]
  .text              ro code   0x800'd9a4    0xcc  Anyid_CS1110_Key_HL.o [1]
  .text              ro code   0x800'da70   0x2e0  Anyid_CS1110_Wight_HL.o [1]
  .text              ro code   0x800'dd50   0x164  Anyid_Cs1110_Rfid_HL.o [1]
  .text              ro code   0x800'deb4   0x144  AnyID_CS1110_Uart_HL.o [1]
  .text              ro code   0x800'dff8    0x78  stm32f10x_spi.o [1]
  .rodata            const     0x800'e070    0x1c  Anyid_CS1110_Reader.o [1]
  .rodata            const     0x800'e090   0x420  pow64.o [3]
  .text              ro code   0x800'e4b0   0x284  stm32f10x_it.o [1]
  .text              ro code   0x800'e734    0xea  AnyID_Uart_Receive.o [1]
  .text              ro code   0x800'e820   0x110  system_stm32f10x.o [1]
  .text              ro code   0x800'e930    0x78  lz77_init_single.o [4]
  .text              ro code   0x800'e9a8    0x2c  main.o [1]
  .text              ro code   0x800'e9d4    0x28  data_init.o [4]
  .iar.init_table    const     0x800'e9fc    0x20  - Linker created -
  .rodata            const     0x800'ea1c    0x20  Anyid_CS1110_Reader.o [1]
  .rodata            const     0x800'ea3c    0x20  Anyid_CS1110_Reader.o [1]
  .rodata            const     0x800'ea5c    0x20  Anyid_CS1110_Reader.o [1]
  .text              ro code   0x800'ea7c    0x1e  cmain.o [4]
  .text              ro code   0x800'ea9a     0x4  low_level_init.o [2]
  .text              ro code   0x800'ea9e     0x4  exit.o [2]
  .text              ro code   0x800'eaa4     0xa  cexit.o [4]
  .rodata            const     0x800'eab0    0x10  Anyid_CS1110_Reader.o [1]
  .rodata            const     0x800'eac0    0x10  AnyID_CS1110_SysCfg.o [1]
  .rodata            const     0x800'ead0    0x10  AnyID_CS1110_SysCfg.o [1]
  .text              ro code   0x800'eae0    0x10  startup_stm32f10x_hd.o [1]
  .rodata            const     0x800'eaf0     0xc  Anyid_CS1110_Reader.o [1]
  .rodata            const     0x800'eafc     0xc  Anyid_CS1110_Reader.o [1]
  .rodata            const     0x800'eb08     0xc  Anyid_CS1110_Reader.o [1]
  .rodata            const     0x800'eb14     0xc  Anyid_CS1110_Reader.o [1]
  .rodata            const     0x800'eb20     0xc  AnyID_CS1110_SysCfg.o [1]
  .rodata            const     0x800'eb2c     0xc  AnyID_CS1110_SysCfg.o [1]
  .text              ro code   0x800'eb38     0xc  cstartup_M.o [4]
  .rodata            const     0x800'eb44     0x8  AnyID_CS1110_DishLcm_HL.o [1]
  .rodata            const     0x800'eb4c     0x8  AnyID_CS1110_DishLcm_HL.o [1]
  .rodata            const     0x800'eb54     0x8  AnyID_CS1110_Flash_HL.o [1]
  .rodata            const     0x800'eb5c     0x8  AnyID_CS1110_Flash_HL.o [1]
  .rodata            const     0x800'eb64     0x8  AnyID_CS1110_FRam_HL.o [1]
  .rodata            const     0x800'eb6c     0x8  AnyID_CS1110_FRam_HL.o [1]
  .rodata            const     0x800'eb74     0x8  Anyid_CS1110_Key_HL.o [1]
  .rodata            const     0x800'eb7c     0x8  Anyid_CS1110_Key_HL.o [1]
  .rodata            const     0x800'eb84     0x8  Anyid_CS1110_Key_HL.o [1]
  .rodata            const     0x800'eb8c     0x8  Anyid_CS1110_Key_HL.o [1]
  .rodata            const     0x800'eb94     0x8  Anyid_CS1110_Reader.o [1]
  .rodata            const     0x800'eb9c     0x8  Anyid_CS1110_Reader.o [1]
  .rodata            const     0x800'eba4     0x8  Anyid_CS1110_Reader.o [1]
  .rodata            const     0x800'ebac     0x8  Anyid_CS1110_Reader.o [1]
  .rodata            const     0x800'ebb4     0x8  Anyid_Cs1110_Rfid_HL.o [1]
  .rodata            const     0x800'ebbc     0x8  Anyid_Cs1110_Rfid_HL.o [1]
  .rodata            const     0x800'ebc4     0x8  Anyid_Cs1110_Rfid_HL.o [1]
  .rodata            const     0x800'ebcc     0x8  Anyid_CS1110_Sound_HL.o [1]
  .rodata            const     0x800'ebd4     0x8  Anyid_CS1110_Sound_HL.o [1]
  .rodata            const     0x800'ebdc     0x8  AnyID_CS1110_SysCfg.o [1]
  .rodata            const     0x800'ebe4     0x8  AnyID_CS1110_SysCfg.o [1]
  .rodata            const     0x800'ebec     0x8  AnyID_CS1110_SysCfg.o [1]
  .rodata            const     0x800'ebf4     0x8  AnyID_CS1110_Uart_HL.o [1]
  .rodata            const     0x800'ebfc     0x8  AnyID_CS1110_Uart_HL.o [1]
  .rodata            const     0x800'ec04     0x8  AnyID_CS1110_Uart_HL.o [1]
  .rodata            const     0x800'ec0c     0x8  Anyid_CS1110_Wight_HL.o [1]
  .rodata            const     0x800'ec14     0x8  Anyid_CS1110_Wight_HL.o [1]
  .rodata            const     0x800'ec1c     0x8  Anyid_CS1110_Wight_HL.o [1]
  .text              ro code   0x800'ec24     0x4  startup_stm32f10x_hd.o [1]
  .text              ro code   0x800'ec28     0x4  startup_stm32f10x_hd.o [1]
  .text              ro code   0x800'ec2c     0x4  startup_stm32f10x_hd.o [1]
  .text              ro code   0x800'ec30     0x4  startup_stm32f10x_hd.o [1]
  .text              ro code   0x800'ec34     0x4  startup_stm32f10x_hd.o [1]
  .text              ro code   0x800'ec38     0x4  startup_stm32f10x_hd.o [1]
  .text              ro code   0x800'ec3c     0x4  startup_stm32f10x_hd.o [1]
  .text              ro code   0x800'ec40     0x4  startup_stm32f10x_hd.o [1]
  .text              ro code   0x800'ec44     0x4  startup_stm32f10x_hd.o [1]
  .text              ro code   0x800'ec48     0x4  startup_stm32f10x_hd.o [1]
  .text              ro code   0x800'ec4c     0x4  startup_stm32f10x_hd.o [1]
  .text              ro code   0x800'ec50     0x4  startup_stm32f10x_hd.o [1]
  .text              ro code   0x800'ec54     0x4  startup_stm32f10x_hd.o [1]
  .text              ro code   0x800'ec58     0x4  startup_stm32f10x_hd.o [1]
  .text              ro code   0x800'ec5c     0x4  startup_stm32f10x_hd.o [1]
  .text              ro code   0x800'ec60     0x4  startup_stm32f10x_hd.o [1]
  .text              ro code   0x800'ec64     0x4  startup_stm32f10x_hd.o [1]
  .text              ro code   0x800'ec68     0x4  startup_stm32f10x_hd.o [1]
  .text              ro code   0x800'ec6c     0x4  startup_stm32f10x_hd.o [1]
  .text              ro code   0x800'ec70     0x4  startup_stm32f10x_hd.o [1]
  .text              ro code   0x800'ec74     0x4  startup_stm32f10x_hd.o [1]
  .text              ro code   0x800'ec78     0x4  startup_stm32f10x_hd.o [1]
  .text              ro code   0x800'ec7c     0x4  startup_stm32f10x_hd.o [1]
  .text              ro code   0x800'ec80     0x4  startup_stm32f10x_hd.o [1]
  .text              ro code   0x800'ec84     0x4  startup_stm32f10x_hd.o [1]
  .text              ro code   0x800'ec88     0x4  startup_stm32f10x_hd.o [1]
  .text              ro code   0x800'ec8c     0x4  startup_stm32f10x_hd.o [1]
  .text              ro code   0x800'ec90     0x4  startup_stm32f10x_hd.o [1]
  .text              ro code   0x800'ec94     0x4  startup_stm32f10x_hd.o [1]
  .text              ro code   0x800'ec98     0x4  startup_stm32f10x_hd.o [1]
  .text              ro code   0x800'ec9c     0x4  startup_stm32f10x_hd.o [1]
  .text              ro code   0x800'eca0     0x4  startup_stm32f10x_hd.o [1]
  .text              ro code   0x800'eca4     0x4  startup_stm32f10x_hd.o [1]
  .text              ro code   0x800'eca8     0x4  startup_stm32f10x_hd.o [1]
  .text              ro code   0x800'ecac     0x4  startup_stm32f10x_hd.o [1]
  .text              ro code   0x800'ecb0     0x4  startup_stm32f10x_hd.o [1]
  .text              ro code   0x800'ecb4     0x4  startup_stm32f10x_hd.o [1]
  .text              ro code   0x800'ecb8     0x4  startup_stm32f10x_hd.o [1]
  .text              ro code   0x800'ecbc     0x4  startup_stm32f10x_hd.o [1]
  .text              ro code   0x800'ecc0     0x4  startup_stm32f10x_hd.o [1]
  .text              ro code   0x800'ecc4     0x4  startup_stm32f10x_hd.o [1]
  .text              ro code   0x800'ecc8     0x4  startup_stm32f10x_hd.o [1]
  .text              ro code   0x800'eccc     0x4  startup_stm32f10x_hd.o [1]
  .text              ro code   0x800'ecd0     0x4  startup_stm32f10x_hd.o [1]
  .text              ro code   0x800'ecd4     0x4  startup_stm32f10x_hd.o [1]
  .text              ro code   0x800'ecd8     0x4  startup_stm32f10x_hd.o [1]
  .text              ro code   0x800'ecdc     0x4  startup_stm32f10x_hd.o [1]
  .text              ro code   0x800'ece0     0x4  startup_stm32f10x_hd.o [1]
  .text              ro code   0x800'ece4     0x4  startup_stm32f10x_hd.o [1]
  .text              ro code   0x800'ece8     0x4  startup_stm32f10x_hd.o [1]
  .rodata            const     0x800'ecec     0x0  zero_init3.o [4]
  .rodata            const     0x800'ecec     0x0  lz77_init_single.o [4]
                             - 0x800'ecec  0x9cb8

"P2", part 1 of 3:                           0xc7
  P2-1                        0x2000'0000    0xc7  <Init block>
    .data            inited   0x2000'0000    0x20  Anyid_CS1110_Reader.o [1]
    .data            inited   0x2000'0020     0xc  AnyID_CS1110_RTC.o [1]
    .data            inited   0x2000'002c     0x4  AnyID_CS1110_SysCfg.o [1]
    .data            inited   0x2000'0030    0x10  stm32f10x_rcc.o [1]
    .data            inited   0x2000'0040     0x4  stm32f10x_rcc.o [1]
    .data            inited   0x2000'0044    0x38  xlocale_c.o [2]
    .data            inited   0x2000'007c    0x48  xlocale_c.o [2]
    .data            inited   0x2000'00c4     0x2  AnyID_CS1110_SysCfg.o [1]
    .data            inited   0x2000'00c6     0x1  Anyid_CS1110_Reader.o [1]
                            - 0x2000'00c7    0xc7

"P2", part 2 of 3:                         0x3a0c
  .bss               zero     0x2000'00c8   0xa38  Anyid_CS1110_Reader.o [1]
  .bss               zero     0x2000'0b00   0xa38  Anyid_CS1110_Reader.o [1]
  .bss               zero     0x2000'1538   0x824  Anyid_CS1110_Reader.o [1]
  .bss               zero     0x2000'1d5c   0x80c  Anyid_CS1110_Reader.o [1]
  .bss               zero     0x2000'2568   0x43c  Anyid_Cs1110_Rfid.o [1]
  .bss               zero     0x2000'29a4   0x414  AnyID_CS1110_Uart.o [1]
  .bss               zero     0x2000'2db8   0x414  AnyID_CS1110_Uart.o [1]
  .bss               zero     0x2000'31cc   0x414  AnyID_Uart_Receive.o [1]
  .bss               zero     0x2000'35e0   0x108  AnyID_CS1110_DishLcm.o [1]
  .bss               zero     0x2000'36e8    0x88  Anyid_CS1110_Wight.o [1]
  .bss               zero     0x2000'3770    0x6c  Anyid_CS1110_Reader.o [1]
  .bss               zero     0x2000'37dc    0x54  Anyid_CS1110_Wight.o [1]
  .bss               zero     0x2000'3830    0x54  Anyid_CS1110_Wight.o [1]
  .bss               zero     0x2000'3884    0x50  AnyID_CS1110_DishLcm.o [1]
  .bss               zero     0x2000'38d4    0x50  AnyID_CS1110_DishLcm.o [1]
  .bss               zero     0x2000'3924    0x48  Anyid_CS1110_Reader.o [1]
  .bss               zero     0x2000'396c    0x3c  Anyid_CS1110_Reader.o [1]
  .bss               zero     0x2000'39a8    0x3c  Anyid_CS1110_Sound.o [1]
  .bss               zero     0x2000'39e4    0x34  AnyID_CS1110_FlashM25.o [1]
  .bss               zero     0x2000'3a18    0x28  AnyID_CS1110_FRam.o [1]
  .bss               zero     0x2000'3a40    0x20  Anyid_CS1110_Reader.o [1]
  .bss               zero     0x2000'3a60    0x18  Anyid_CS1110_Reader.o [1]
  .bss               zero     0x2000'3a78     0x8  AnyID_CS1110_FRam.o [1]
  .bss               zero     0x2000'3a80     0x8  Anyid_CS1110_Key.o [1]
  .bss               zero     0x2000'3a88     0x8  Anyid_CS1110_Reader.o [1]
  .bss               zero     0x2000'3a90     0x4  Anyid_CS1110_Reader.o [1]
  .bss               zero     0x2000'3a94     0x4  Anyid_CS1110_Reader.o [1]
  .bss               zero     0x2000'3a98     0x4  Anyid_CS1110_Reader.o [1]
  .bss               zero     0x2000'3a9c     0x4  AnyID_CS1110_SysCfg.o [1]
  .bss               zero     0x2000'3aa0     0x4  AnyID_CS1110_SysCfg.o [1]
  .bss               zero     0x2000'3aa4     0x4  AnyID_CS1110_SysCfg.o [1]
  .bss               zero     0x2000'3aa8     0x4  AnyID_CS1110_SysCfg.o [1]
  .bss               zero     0x2000'3aac     0x4  AnyID_CS1110_SysCfg.o [1]
  .bss               zero     0x2000'3ab0     0x4  AnyID_CS1110_SysCfg.o [1]
  .bss               zero     0x2000'3ab4     0x4  AnyID_CS1110_SysTick_HL.o [1]
  .bss               zero     0x2000'3ab8     0x4  AnyID_CS1110_SysTick_HL.o [1]
  .bss               zero     0x2000'3abc     0x4  xfail_s.o [2]
  .bss               zero     0x2000'3ac0     0x2  AnyID_CS1110_DishLcm.o [1]
  .bss               zero     0x2000'3ac2     0x2  stm32f10x_it.o [1]
  .bss               zero     0x2000'3ac4     0x2  stm32f10x_it.o [1]
  .bss               zero     0x2000'3ac6     0x2  stm32f10x_it.o [1]
  .bss               zero     0x2000'3ac8     0x2  stm32f10x_it.o [1]
  .bss               zero     0x2000'3aca     0x1  Anyid_CS1110_Reader.o [1]
  .bss               zero     0x2000'3acb     0x1  Anyid_CS1110_Reader.o [1]
  .bss               zero     0x2000'3acc     0x1  Anyid_CS1110_Reader.o [1]
  .bss               zero     0x2000'3acd     0x1  AnyID_CS1110_SysCfg.o [1]
  .bss               zero     0x2000'3ace     0x1  AnyID_CS1110_SysCfg.o [1]
  .bss               zero     0x2000'3acf     0x1  AnyID_CS1110_SysCfg.o [1]
  .bss               zero     0x2000'3ad0     0x1  AnyID_CS1110_SysCfg.o [1]
  .bss               zero     0x2000'3ad1     0x1  AnyID_CS1110_SysCfg.o [1]
  .bss               zero     0x2000'3ad2     0x1  AnyID_CS1110_SysCfg.o [1]
  .bss               zero     0x2000'3ad3     0x1  AnyID_CS1110_SysCfg.o [1]
                            - 0x2000'3ad4  0x3a0c

"P2", part 3 of 3:                         0x2000
  CSTACK                      0x2000'3ad8  0x2000  <Block>
    CSTACK           uninit   0x2000'3ad8  0x2000  <Block tail>
                            - 0x2000'5ad8  0x2000

Unused ranges:

         From           To      Size
         ----           --      ----
   0x800'41f5   0x800'4fff     0xe0b
   0x800'5032   0x800'5033       0x2
   0x800'ecec   0x803'ffff  0x3'1314
  0x2000'00c7  0x2000'00c7       0x1
  0x2000'3ad4  0x2000'3ad7       0x4
  0x2000'5ad8  0x2000'bfff    0x6528


*******************************************************************************
*** INIT TABLE
***

          Address      Size
          -------      ----
Zero (__iar_zero_init3)
    1 destination range, total size 0x3a0c:
          0x2000'00c8  0x3a0c

Copy/lz77 (__iar_lz77_init_single3)
    1 source range, total size 0x57 (43% of destination):
           0x800'419e    0x57
    1 destination range, total size 0xc7:
          0x2000'0000    0xc7



*******************************************************************************
*** MODULE SUMMARY
***

    Module                     ro code  ro data  rw data  ro data
                                                           (abs)
    ------                     -------  -------  -------  -------
command line/config:
    -------------------------------------------------------------
    Total:

E:\AnyID\Git\YY\CS1110\CS1110\Build\Obj: [1]
    AnyID_CS1110_DishLcm.o       1'324               426
    AnyID_CS1110_DishLcm_HL.o      672       16
    AnyID_CS1110_FRam.o            428                48
    AnyID_CS1110_FRam_HL.o         552       16
    AnyID_CS1110_FlashM25.o                           52
    AnyID_CS1110_Flash_HL.o        256       16
    AnyID_CS1110_RTC.o             134        6       12
    AnyID_CS1110_SysCfg.o        5'836       82       37
    AnyID_CS1110_SysTick_HL.o      164                 8
    AnyID_CS1110_Uart.o             24             2'088
    AnyID_CS1110_Uart_HL.o         324       24
    AnyID_FRam.o                   566
    AnyID_FlashM25.o                32
    AnyID_Stdlib.o                  72
    AnyID_Uart_Receive.o           234             1'044
    Anyid_CS1110_Key.o             344                 8
    Anyid_CS1110_Key_HL.o          204       32
    Anyid_CS1110_Reader.o        8'320      234    9'728       50
    Anyid_CS1110_Sound.o           552                60
    Anyid_CS1110_Sound_HL.o        296       16
    Anyid_CS1110_Wight.o           850               304
    Anyid_CS1110_Wight_HL.o        736       24
    Anyid_Cs1110_Rfid.o            568             1'084
    Anyid_Cs1110_Rfid_HL.o         356       24
    main.o                          44
    misc.o                         184
    startup_stm32f10x_hd.o         520
    stm32f10x_bkp.o                 16
    stm32f10x_dma.o                380
    stm32f10x_flash.o               44
    stm32f10x_gpio.o               384
    stm32f10x_it.o                 644                 8
    stm32f10x_pwr.o                 16
    stm32f10x_rcc.o                876        9       20
    stm32f10x_rtc.o                232
    stm32f10x_spi.o                120
    stm32f10x_usart.o              734
    system_stm32f10x.o             272
    -------------------------------------------------------------
    Total:                      27'310      499   14'927       50

dl7M_tlf.a: [2]
    abort.o                          6
    exit.o                           4
    low_level_init.o                 4
    sprintf.o                       64
    xencoding_8859_1.o              30
    xfail_s.o                       64                 4
    xlocale_c.o                    124       61      128
    xmbcurmax.o                     10
    xprintffull.o                4'294
    xsprout.o                       10
    -------------------------------------------------------------
    Total:                       4'610       61      132

m7M_tl.a: [3]
    DblAdd.o                       378
    DblCmpEq.o                      32
    DblCmpGe.o                      46
    DblCmpLe.o                      46
    DblDiv.o                       582
    DblMul.o                       418
    DblSub.o                       226
    DblToS32.o                      58
    DblToU32.o                      40
    FltDiv.o                       252
    FltMul.o                       216
    FltToS32.o                      42
    S32ToDbl.o                      34
    U32ToDbl.o                      26
    U32ToFlt.o                      28
    frexp.o                        112
    iar_Exp64.o                    884
    ldexp.o                        314
    pow64.o                      1'880    1'056
    -------------------------------------------------------------
    Total:                       5'614    1'056

rt7M_tl.a: [4]
    ABImemclr.o                      6
    ABImemcpy.o                    166
    ABImemset.o                    102
    I64DivMod.o                    560
    I64DivZer.o                      2
    cexit.o                         10
    cmain.o                         30
    cstartup_M.o                    12
    data_init.o                     40
    lz77_init_single.o             120
    memchr.o                        88
    memcmp.o                       104
    strchr.o                        22
    strlen.o                        54
    zero_init3.o                    58
    -------------------------------------------------------------
    Total:                       1'374

shb_l.a: [5]
    exit.o                          20
    -------------------------------------------------------------
    Total:                          20

    Gaps                            39        6
    Linker created                           32    8'192
-----------------------------------------------------------------
    Grand Total:                38'967    1'654   23'251       50


*******************************************************************************
*** ENTRY LIST
***

Entry                       Address   Size  Type      Object
-----                       -------   ----  ----      ------
.iar.init_table$$Base    0x800'e9fc          --   Gb  - Linker created -
.iar.init_table$$Limit   0x800'ea1c          --   Gb  - Linker created -
?main                    0x800'ea7d         Code  Gb  cmain.o [4]
ADCPrescTable           0x2000'0040    0x4  Data  Lc  stm32f10x_rcc.o [1]
APBAHBPrescTable        0x2000'0030   0x10  Data  Lc  stm32f10x_rcc.o [1]
BKP_DeInit               0x800'9661   0x10  Code  Gb  stm32f10x_bkp.o [1]
BusFault_Handler         0x800'e4b7    0x2  Code  Gb  stm32f10x_it.o [1]
CSTACK$$Base            0x2000'3ad8          --   Gb  - Linker created -
CSTACK$$Limit           0x2000'5ad8          --   Gb  - Linker created -
CacheMore                0x800'a8f9   0x28  Code  Lc  xlocale_c.o [2]
DMA1_Channel4_IRQHandler
                         0x800'e5f3   0x22  Code  Gb  stm32f10x_it.o [1]
DMA1_Channel5_IRQHandler
                         0x800'e5cf   0x24  Code  Gb  stm32f10x_it.o [1]
DMA1_Channel6_IRQHandler
                         0x800'e557   0x24  Code  Gb  stm32f10x_it.o [1]
DMA1_Channel7_IRQHandler
                         0x800'e57b   0x1a  Code  Gb  stm32f10x_it.o [1]
DMA_DeInit               0x800'b341   0xf0  Code  Gb  stm32f10x_dma.o [1]
DMA_ITConfig             0x800'b46d   0x18  Code  Gb  stm32f10x_dma.o [1]
DMA_Init                 0x800'b431   0x3c  Code  Gb  stm32f10x_dma.o [1]
DebugMon_Handler         0x800'e4bd    0x2  Code  Gb  stm32f10x_it.o [1]
Device_ResponseFrame     0x800'60a1  0x170  Code  Gb  Anyid_CS1110_Reader.o [1]
FLASH_CS_COM             0x800'eb54    0x8  Data  Gb  AnyID_CS1110_Flash_HL.o [1]
FLASH_PORT_SPI           0x800'eb5c    0x8  Data  Gb  AnyID_CS1110_Flash_HL.o [1]
FLASH_PrefetchBufferCmd
                         0x800'd0cb   0x14  Code  Gb  stm32f10x_flash.o [1]
FLASH_SetLatency         0x800'd0b9   0x12  Code  Gb  stm32f10x_flash.o [1]
FRAM_SCL_PORT            0x800'eb6c    0x8  Data  Gb  AnyID_CS1110_FRam_HL.o [1]
FRAM_SDA_PORT            0x800'eb64    0x8  Data  Gb  AnyID_CS1110_FRam_HL.o [1]
FRam_Delayms             0x800'80d3   0x12  Code  Gb  AnyID_CS1110_FRam_HL.o [1]
FRam_I2CAck              0x800'816d   0x30  Code  Gb  AnyID_CS1110_FRam_HL.o [1]
FRam_I2CDelay            0x800'80c5    0xe  Code  Gb  AnyID_CS1110_FRam_HL.o [1]
FRam_I2CNoAck            0x800'819d   0x30  Code  Gb  AnyID_CS1110_FRam_HL.o [1]
FRam_I2CReceiveByte      0x800'8259   0x4e  Code  Gb  AnyID_CS1110_FRam_HL.o [1]
FRam_I2CSendByte         0x800'820f   0x4a  Code  Gb  AnyID_CS1110_FRam_HL.o [1]
FRam_I2CStart            0x800'80e5   0x58  Code  Gb  AnyID_CS1110_FRam_HL.o [1]
FRam_I2CStop             0x800'813d   0x30  Code  Gb  AnyID_CS1110_FRam_HL.o [1]
FRam_I2CWaitAck          0x800'81cd   0x42  Code  Gb  AnyID_CS1110_FRam_HL.o [1]
FRam_InitInterface       0x800'8089   0x3c  Code  Gb  AnyID_CS1110_FRam_HL.o [1]
FRam_ReadBuffer          0x800'70b5   0xe2  Code  Gb  AnyID_FRam.o [1]
FRam_WriteBuffer         0x800'7243   0xa8  Code  Gb  AnyID_FRam.o [1]
FRam_WritePage           0x800'7197   0xac  Code  Gb  AnyID_FRam.o [1]
FlashTempData           0x2000'39e4   0x34  Data  Gb  AnyID_CS1110_FlashM25.o [1]
Flash_Init               0x800'd33d   0x1a  Code  Gb  AnyID_FlashM25.o [1]
Flash_InitInterface      0x800'd23d   0xac  Code  Gb  AnyID_CS1110_Flash_HL.o [1]
Flash_WriteByte          0x800'd2e9   0x46  Code  Gb  AnyID_CS1110_Flash_HL.o [1]
Fram_ReadBootParams      0x800'7335  0x108  Code  Gb  AnyID_CS1110_FRam.o [1]
Fram_WriteBackupBootParams
                         0x800'7497   0x44  Code  Gb  AnyID_CS1110_FRam.o [1]
Fram_WriteBootParams     0x800'743d   0x5a  Code  Gb  AnyID_CS1110_FRam.o [1]
GPB_Adjust               0x800'd837   0x44  Code  Gb  Anyid_CS1110_Wight.o [1]
GPB_CheckFrame           0x800'd7c3   0x44  Code  Gb  Anyid_CS1110_Wight.o [1]
GPB_ConfigInt            0x800'db39   0x2e  Code  Gb  Anyid_CS1110_Wight_HL.o [1]
GPB_GetCrc16             0x800'd76d   0x56  Code  Gb  Anyid_CS1110_Wight.o [1]
GPB_Init                 0x800'd595   0x5e  Code  Gb  Anyid_CS1110_Wight.o [1]
GPB_InitInterface        0x800'da71   0xc8  Code  Gb  Anyid_CS1110_Wight_HL.o [1]
GPB_InitRxDma            0x800'dbf7   0x96  Code  Gb  Anyid_CS1110_Wight_HL.o [1]
GPB_InitTxDma            0x800'db67   0x90  Code  Gb  Anyid_CS1110_Wight_HL.o [1]
GPB_PORT_CTRL            0x800'ec1c    0x8  Data  Gb  Anyid_CS1110_Wight_HL.o [1]
GPB_PORT_RX              0x800'ec14    0x8  Data  Gb  Anyid_CS1110_Wight_HL.o [1]
GPB_PORT_TX              0x800'ec0c    0x8  Data  Gb  Anyid_CS1110_Wight_HL.o [1]
GPB_RFormatFrame         0x800'd5f3   0x8c  Code  Gb  Anyid_CS1110_Wight.o [1]
GPB_Stop                 0x800'dc8d   0x5c  Code  Gb  Anyid_CS1110_Wight_HL.o [1]
GPB_TransmitCmd          0x800'd807   0x30  Code  Gb  Anyid_CS1110_Wight.o [1]
GPB_WFormatFrame         0x800'd67f   0xee  Code  Gb  Anyid_CS1110_Wight.o [1]
GPB_WriteBuffer          0x800'dcfb   0x34  Code  Gb  Anyid_CS1110_Wight_HL.o [1]
GPB_WriteByte            0x800'dce9   0x12  Code  Gb  Anyid_CS1110_Wight_HL.o [1]
GPIO_Init                0x800'a775   0xea  Code  Gb  stm32f10x_gpio.o [1]
GPIO_PinRemapConfig      0x800'a867   0x84  Code  Gb  stm32f10x_gpio.o [1]
GPIO_SetBits             0x800'a85f    0x8  Code  Gb  stm32f10x_gpio.o [1]
HardFault_Handler        0x800'e4b3    0x2  Code  Gb  stm32f10x_it.o [1]
KEY_PORT0                0x800'eb7c    0x8  Data  Gb  Anyid_CS1110_Key_HL.o [1]
KEY_PORT1                0x800'eb84    0x8  Data  Gb  Anyid_CS1110_Key_HL.o [1]
KEY_PORT2                0x800'eb8c    0x8  Data  Gb  Anyid_CS1110_Key_HL.o [1]
KEY_POW_PORT             0x800'eb74    0x8  Data  Gb  Anyid_CS1110_Key_HL.o [1]
Key_Control              0x800'd0fb   0x1a  Code  Gb  Anyid_CS1110_Key.o [1]
Key_GetValue             0x800'da0d   0x54  Code  Gb  Anyid_CS1110_Key_HL.o [1]
Key_Init                 0x800'd0e5   0x16  Code  Gb  Anyid_CS1110_Key.o [1]
Key_InitInterface        0x800'd9a5   0x68  Code  Gb  Anyid_CS1110_Key_HL.o [1]
Key_Value_Main           0x800'd115   0x68  Code  Gb  Anyid_CS1110_Key.o [1]
Key_Value_Test           0x800'd17d   0x9e  Code  Gb  Anyid_CS1110_Key.o [1]
LCM_DISH_PORT_RX         0x800'eb4c    0x8  Data  Gb  AnyID_CS1110_DishLcm_HL.o [1]
LCM_DISH_PORT_TX         0x800'eb44    0x8  Data  Gb  AnyID_CS1110_DishLcm_HL.o [1]
Lcm_BackgroundCtr        0x800'7a43   0x2a  Code  Gb  AnyID_CS1110_DishLcm.o [1]
Lcm_ChgPageFormatFrame   0x800'7969   0x76  Code  Gb  AnyID_CS1110_DishLcm.o [1]
Lcm_DishConfigInt        0x800'9425   0x2e  Code  Gb  AnyID_CS1110_DishLcm_HL.o [1]
Lcm_DishInitInterface    0x800'9379   0xac  Code  Gb  AnyID_CS1110_DishLcm_HL.o [1]
Lcm_DishWriteBuffer      0x800'9453   0x2c  Code  Gb  AnyID_CS1110_DishLcm_HL.o [1]
Lcm_DishWriteColor       0x800'7741   0x28  Code  Gb  AnyID_CS1110_DishLcm.o [1]
Lcm_DishWriteTxt         0x800'7769  0x100  Code  Gb  AnyID_CS1110_DishLcm.o [1]
Lcm_DishWriteUniCodeTxt
                         0x800'7869  0x100  Code  Gb  AnyID_CS1110_DishLcm.o [1]
Lcm_DishWriteVarFrame    0x800'7603   0x72  Code  Gb  AnyID_CS1110_DishLcm.o [1]
Lcm_DishWriteVarUniCodeFrame
                         0x800'7675   0x7c  Code  Gb  AnyID_CS1110_DishLcm.o [1]
Lcm_FormatFrame          0x800'79df   0x64  Code  Gb  AnyID_CS1110_DishLcm.o [1]
Lcm_Init                 0x800'755d   0xa6  Code  Gb  AnyID_CS1110_DishLcm.o [1]
Lcm_InitRxDma            0x800'9505   0x96  Code  Gb  AnyID_CS1110_DishLcm_HL.o [1]
Lcm_InitTxDma            0x800'947f   0x86  Code  Gb  AnyID_CS1110_DishLcm_HL.o [1]
Lcm_SelectIco            0x800'7717   0x2a  Code  Gb  AnyID_CS1110_DishLcm.o [1]
Lcm_SelectPage           0x800'76f1   0x26  Code  Gb  AnyID_CS1110_DishLcm.o [1]
Lcm_Stop                 0x800'959b   0x62  Code  Gb  AnyID_CS1110_DishLcm_HL.o [1]
MemManage_Handler        0x800'e4b5    0x2  Code  Gb  stm32f10x_it.o [1]
NMI_Handler              0x800'e4b1    0x2  Code  Gb  stm32f10x_it.o [1]
NVIC_Init                0x800'b293   0x66  Code  Gb  misc.o [1]
NVIC_PriorityGroupConfig
                         0x800'b289    0xa  Code  Gb  misc.o [1]
NVIC_SetVectorTable      0x800'b2f9    0xc  Code  Gb  misc.o [1]
PWR_BackupAccessCmd      0x800'9651    0xa  Code  Gb  stm32f10x_pwr.o [1]
PendSV_Handler           0x800'e4bf    0x2  Code  Gb  stm32f10x_it.o [1]
RCC_ADCCLKConfig         0x800'979d   0x10  Code  Gb  stm32f10x_rcc.o [1]
RCC_AHBPeriphClockCmd    0x800'98a3   0x1c  Code  Gb  stm32f10x_rcc.o [1]
RCC_APB1PeriphClockCmd   0x800'98db   0x1c  Code  Gb  stm32f10x_rcc.o [1]
RCC_APB1PeriphResetCmd   0x800'9913   0x1c  Code  Gb  stm32f10x_rcc.o [1]
RCC_APB2PeriphClockCmd   0x800'98bf   0x1c  Code  Gb  stm32f10x_rcc.o [1]
RCC_APB2PeriphResetCmd   0x800'98f7   0x1c  Code  Gb  stm32f10x_rcc.o [1]
RCC_BackupResetCmd       0x800'992f    0xa  Code  Gb  stm32f10x_rcc.o [1]
RCC_DeInit               0x800'9671   0x40  Code  Gb  stm32f10x_rcc.o [1]
RCC_GetClocksFreq        0x800'97cb   0xd8  Code  Gb  stm32f10x_rcc.o [1]
RCC_GetFlagStatus        0x800'9939   0x46  Code  Gb  stm32f10x_rcc.o [1]
RCC_GetSYSCLKSource      0x800'975b    0xa  Code  Gb  stm32f10x_rcc.o [1]
RCC_HCLKConfig           0x800'9765   0x10  Code  Gb  stm32f10x_rcc.o [1]
RCC_HSEConfig            0x800'96b1   0x3a  Code  Gb  stm32f10x_rcc.o [1]
RCC_LSICmd               0x800'97ad    0xa  Code  Gb  stm32f10x_rcc.o [1]
RCC_PCLK1Config          0x800'9775   0x10  Code  Gb  stm32f10x_rcc.o [1]
RCC_PCLK2Config          0x800'9785   0x12  Code  Gb  stm32f10x_rcc.o [1]
RCC_PLLCmd               0x800'9741    0xa  Code  Gb  stm32f10x_rcc.o [1]
RCC_PLLConfig            0x800'9729   0x18  Code  Gb  stm32f10x_rcc.o [1]
RCC_RTCCLKCmd            0x800'97c1    0xa  Code  Gb  stm32f10x_rcc.o [1]
RCC_RTCCLKConfig         0x800'97b7    0xa  Code  Gb  stm32f10x_rcc.o [1]
RCC_SYSCLKConfig         0x800'974b   0x10  Code  Gb  stm32f10x_rcc.o [1]
RCC_USBCLKConfig         0x800'9797    0x6  Code  Gb  stm32f10x_rcc.o [1]
RCC_WaitForHSEStartUp    0x800'96eb   0x3e  Code  Gb  stm32f10x_rcc.o [1]
READER_VERSION           0x800'5000   0x32  Data  Gb  Anyid_CS1110_Reader.o [1]
RFID_PORT_CTRL           0x800'ebc4    0x8  Data  Gb  Anyid_Cs1110_Rfid_HL.o [1]
RFID_PORT_RX             0x800'ebbc    0x8  Data  Gb  Anyid_Cs1110_Rfid_HL.o [1]
RFID_PORT_TX             0x800'ebb4    0x8  Data  Gb  Anyid_Cs1110_Rfid_HL.o [1]
RTC_ClearFlag            0x800'9a7d    0xa  Code  Gb  stm32f10x_rtc.o [1]
RTC_ConfigInt            0x800'7e25   0x20  Code  Gb  AnyID_CS1110_RTC.o [1]
RTC_EnterConfigMode      0x800'99f9    0xc  Code  Gb  stm32f10x_rtc.o [1]
RTC_ExitConfigMode       0x800'9a05    0xe  Code  Gb  stm32f10x_rtc.o [1]
RTC_GetCounter           0x800'9a13   0x14  Code  Gb  stm32f10x_rtc.o [1]
RTC_GetITStatus          0x800'9a87   0x26  Code  Gb  stm32f10x_rtc.o [1]
RTC_IRQHandler           0x800'e697   0x2a  Code  Gb  stm32f10x_it.o [1]
RTC_ITConfig             0x800'99dd   0x1c  Code  Gb  stm32f10x_rtc.o [1]
RTC_Init                 0x800'7dd9   0x4c  Code  Gb  AnyID_CS1110_RTC.o [1]
RTC_SetCounter           0x800'9a27   0x1a  Code  Gb  stm32f10x_rtc.o [1]
RTC_SetPrescaler         0x800'9a41   0x1e  Code  Gb  stm32f10x_rtc.o [1]
RTC_SetTime              0x800'7e45   0x1a  Code  Gb  AnyID_CS1110_RTC.o [1]
RTC_WaitForLastTask      0x800'9a5f    0xa  Code  Gb  stm32f10x_rtc.o [1]
RTC_WaitForSynchro       0x800'9a69   0x14  Code  Gb  stm32f10x_rtc.o [1]
Reader_ChgPage           0x800'6a69   0x6c  Code  Gb  Anyid_CS1110_Reader.o [1]
Reader_ChgTag            0x800'5687   0x80  Code  Gb  Anyid_CS1110_Reader.o [1]
Reader_ChkMoney          0x800'6e17  0x186  Code  Gb  Anyid_CS1110_Reader.o [1]
Reader_ChkReUid          0x800'6de5   0x32  Code  Gb  Anyid_CS1110_Reader.o [1]
Reader_DisplayDish       0x800'6ae5  0x2fc  Code  Gb  Anyid_CS1110_Reader.o [1]
Reader_DisplayIp         0x800'539d   0x62  Code  Gb  Anyid_CS1110_Reader.o [1]
Reader_DisplayLable      0x800'572d  0x272  Code  Gb  Anyid_CS1110_Reader.o [1]
Reader_DisplayTest       0x800'5557  0x130  Code  Gb  Anyid_CS1110_Reader.o [1]
Reader_DtuUartFrame      0x800'5fcd   0xc8  Code  Gb  Anyid_CS1110_Reader.o [1]
Reader_Font_ChgCorol     0x800'6f9d   0xce  Code  Gb  Anyid_CS1110_Reader.o [1]
Reader_Format_Cfg        0x800'6681  0x1ba  Code  Gb  Anyid_CS1110_Reader.o [1]
Reader_Format_GetPerson
                         0x800'6221  0x146  Code  Gb  Anyid_CS1110_Reader.o [1]
Reader_Format_Heart      0x800'6511  0x168  Code  Gb  Anyid_CS1110_Reader.o [1]
Reader_Format_Meal       0x800'6375  0x196  Code  Gb  Anyid_CS1110_Reader.o [1]
Reader_Init              0x800'5035   0x6c  Code  Gb  Anyid_CS1110_Reader.o [1]
Reader_Lable             0x800'685d  0x20c  Code  Gb  Anyid_CS1110_Reader.o [1]
Reader_ProcessUartFrame
                         0x800'599f  0x626  Code  Gb  Anyid_CS1110_Reader.o [1]
Reader_ReadDeviceParamenter
                         0x800'50a1  0x166  Code  Gb  Anyid_CS1110_Reader.o [1]
Reader_ReadOffLineDataNum
                         0x800'5207   0x16  Code  Gb  Anyid_CS1110_Reader.o [1]
Reader_ReadOffLineDatas
                         0x800'521d   0x1c  Code  Gb  Anyid_CS1110_Reader.o [1]
Reader_RfidGetValue      0x800'53ff  0x158  Code  Gb  Anyid_CS1110_Reader.o [1]
Reader_RfidGetValue::linkTick
                        0x2000'00c6    0x1  Data  Lc  Anyid_CS1110_Reader.o [1]
Reader_RfidGetValue::tempState
                        0x2000'3acc    0x1  Data  Lc  Anyid_CS1110_Reader.o [1]
Reader_Seek_Id           0x800'52ad   0x52  Code  Gb  Anyid_CS1110_Reader.o [1]
Reader_Seek_Inq          0x800'534b   0x52  Code  Gb  Anyid_CS1110_Reader.o [1]
Reader_Seek_Num          0x800'52ff   0x4c  Code  Gb  Anyid_CS1110_Reader.o [1]
Reader_WriteDeviceParamenter
                         0x800'5239   0x32  Code  Gb  Anyid_CS1110_Reader.o [1]
Reader_WriteOffLineDataNum
                         0x800'526b   0x26  Code  Gb  Anyid_CS1110_Reader.o [1]
Reader_WriteOffLineDatas
                         0x800'5291   0x1c  Code  Gb  Anyid_CS1110_Reader.o [1]
Region$$Table$$Base      0x800'e9fc          --   Gb  - Linker created -
Region$$Table$$Limit     0x800'ea1c          --   Gb  - Linker created -
Rfid_ConfigInt           0x800'ddff   0x2e  Code  Gb  Anyid_Cs1110_Rfid_HL.o [1]
Rfid_EnableInt           0x800'de2d   0x30  Code  Gb  Anyid_Cs1110_Rfid_HL.o [1]
Rfid_Format_GetUid       0x800'd465  0x110  Code  Gb  Anyid_Cs1110_Rfid.o [1]
Rfid_Init                0x800'd35d   0x18  Code  Gb  Anyid_Cs1110_Rfid.o [1]
Rfid_InitInterface       0x800'dd51   0xae  Code  Gb  Anyid_Cs1110_Rfid_HL.o [1]
Rfid_ReceiveFrame        0x800'd375   0xf0  Code  Gb  Anyid_Cs1110_Rfid.o [1]
Rfid_TransmitCmd         0x800'd575   0x1c  Code  Gb  Anyid_Cs1110_Rfid.o [1]
Rfid_WriteBuffer         0x800'de5d   0x42  Code  Gb  Anyid_Cs1110_Rfid_HL.o [1]
SOUND_PORT_RX            0x800'ebd4    0x8  Data  Gb  Anyid_CS1110_Sound_HL.o [1]
SOUND_PORT_TX            0x800'ebcc    0x8  Data  Gb  Anyid_CS1110_Sound_HL.o [1]
SPI_Cmd                  0x800'e037   0x1e  Code  Gb  stm32f10x_spi.o [1]
SPI_I2S_GetFlagStatus    0x800'e05d   0x14  Code  Gb  stm32f10x_spi.o [1]
SPI_I2S_ReceiveData      0x800'e059    0x4  Code  Gb  stm32f10x_spi.o [1]
SPI_I2S_SendData         0x800'e055    0x4  Code  Gb  stm32f10x_spi.o [1]
SPI_Init                 0x800'dff9   0x3e  Code  Gb  stm32f10x_spi.o [1]
STick_InitSysTick        0x800'd95d   0x26  Code  Gb  AnyID_CS1110_SysTick_HL.o [1]
SVC_Handler              0x800'e4bb    0x2  Code  Gb  stm32f10x_it.o [1]
SYS_LED_BLUE             0x800'ebe4    0x8  Data  Gb  AnyID_CS1110_SysCfg.o [1]
SYS_LED_GREEN            0x800'ebec    0x8  Data  Gb  AnyID_CS1110_SysCfg.o [1]
SYS_LED_RED              0x800'ebdc    0x8  Data  Gb  AnyID_CS1110_SysCfg.o [1]
SetSysClock              0x800'e85d    0x8  Code  Lc  system_stm32f10x.o [1]
SetSysClockTo72          0x800'e865   0xb0  Code  Lc  system_stm32f10x.o [1]
Sound_ConfigInt          0x800'9b51   0x2e  Code  Gb  Anyid_CS1110_Sound_HL.o [1]
Sound_EnableInt          0x800'9b7f   0x30  Code  Gb  Anyid_CS1110_Sound_HL.o [1]
Sound_FormaFrame         0x800'7f07   0x76  Code  Gb  Anyid_CS1110_Sound.o [1]
Sound_GetValue           0x800'803d   0x3e  Code  Gb  Anyid_CS1110_Sound.o [1]
Sound_Init               0x800'7e61   0x1e  Code  Gb  Anyid_CS1110_Sound.o [1]
Sound_InitInterface      0x800'9ac5   0x8c  Code  Gb  Anyid_CS1110_Sound_HL.o [1]
Sound_ReceiveFrame       0x800'7e7f   0x88  Code  Gb  Anyid_CS1110_Sound.o [1]
Sound_Sum                0x800'7f7d   0x44  Code  Gb  Anyid_CS1110_Sound.o [1]
Sound_TransmitCmd        0x800'800b   0x32  Code  Gb  Anyid_CS1110_Sound.o [1]
Sound_WriteBuffer        0x800'9baf   0x2c  Code  Gb  Anyid_CS1110_Sound_HL.o [1]
Sounde_Chk               0x800'7fc1   0x4a  Code  Gb  Anyid_CS1110_Sound.o [1]
SysTick_CLKSourceConfig
                         0x800'b305   0x1c  Code  Gb  misc.o [1]
SysTick_Config           0x800'd92d   0x30  Code  Lc  AnyID_CS1110_SysTick_HL.o [1]
SysTick_Handler          0x800'e4c1   0x26  Code  Gb  stm32f10x_it.o [1]
Sys_CfgClock             0x800'b9ff   0x76  Code  Gb  AnyID_CS1110_SysCfg.o [1]
Sys_CfgNVIC              0x800'ba9d   0x18  Code  Gb  AnyID_CS1110_SysCfg.o [1]
Sys_CfgPeriphClk         0x800'ba75   0x28  Code  Gb  AnyID_CS1110_SysCfg.o [1]
Sys_CtrlIOInit           0x800'bab5   0x5c  Code  Gb  AnyID_CS1110_SysCfg.o [1]
Sys_Delayms              0x800'b9ed   0x12  Code  Gb  AnyID_CS1110_SysCfg.o [1]
Sys_GPBTask              0x800'bfd5  0x1f2  Code  Gb  AnyID_CS1110_SysCfg.o [1]
Sys_Init                 0x800'bb11   0xa2  Code  Gb  AnyID_CS1110_SysCfg.o [1]
Sys_KeyTask              0x800'be0f   0xd8  Code  Gb  AnyID_CS1110_SysCfg.o [1]
Sys_KeyTask::k          0x2000'3ad0    0x1  Data  Lc  AnyID_CS1110_SysCfg.o [1]
Sys_LcmTask              0x800'c649  0x13a  Code  Gb  AnyID_CS1110_SysCfg.o [1]
Sys_LedTask              0x800'bbb3  0x25c  Code  Gb  AnyID_CS1110_SysCfg.o [1]
Sys_LedTask{1}{2}::ledTimers
                        0x2000'3aa0    0x4  Data  Lc  AnyID_CS1110_SysCfg.o [1]
Sys_LedTask{1}{2}{3}{19}::ledBlueFlag
                        0x2000'3acf    0x1  Data  Lc  AnyID_CS1110_SysCfg.o [1]
Sys_LedTask{1}{2}{3}{19}::ledBlueTime
                        0x2000'3aac    0x4  Data  Lc  AnyID_CS1110_SysCfg.o [1]
Sys_LedTask{1}{2}{3}{19}::ledGreenFlag
                        0x2000'3ace    0x1  Data  Lc  AnyID_CS1110_SysCfg.o [1]
Sys_LedTask{1}{2}{3}{19}::ledGreenTime
                        0x2000'3aa8    0x4  Data  Lc  AnyID_CS1110_SysCfg.o [1]
Sys_LedTask{1}{2}{3}{19}::ledRedFlag
                        0x2000'3acd    0x1  Data  Lc  AnyID_CS1110_SysCfg.o [1]
Sys_LedTask{1}{2}{3}{19}::ledRedTime
                        0x2000'3aa4    0x4  Data  Lc  AnyID_CS1110_SysCfg.o [1]
Sys_ReaderTask           0x800'c861  0x7b4  Code  Gb  AnyID_CS1110_SysCfg.o [1]
Sys_ReaderTask::id      0x2000'00c4    0x2  Data  Lc  AnyID_CS1110_SysCfg.o [1]
Sys_ReaderTask::offLink
                        0x2000'3ab0    0x4  Data  Lc  AnyID_CS1110_SysCfg.o [1]
Sys_ReaderTask::sampleTick
                        0x2000'3ad2    0x1  Data  Lc  AnyID_CS1110_SysCfg.o [1]
Sys_ReaderTask::upLink  0x2000'3ad3    0x1  Data  Lc  AnyID_CS1110_SysCfg.o [1]
Sys_RfidTask             0x800'c1c7  0x158  Code  Gb  AnyID_CS1110_SysCfg.o [1]
Sys_SoundTask            0x800'bee7   0xee  Code  Gb  AnyID_CS1110_SysCfg.o [1]
Sys_TestTask             0x800'c799   0x60  Code  Gb  AnyID_CS1110_SysCfg.o [1]
Sys_TestTask::sampleTick
                        0x2000'3ad1    0x1  Data  Lc  AnyID_CS1110_SysCfg.o [1]
Sys_UartTask             0x800'c31f  0x30a  Code  Gb  AnyID_CS1110_SysCfg.o [1]
SystemInit               0x800'e821   0x3c  Code  Gb  system_stm32f10x.o [1]
UART4_IRQHandler         0x800'e4e7   0x36  Code  Gb  stm32f10x_it.o [1]
UART5_IRQHandler         0x800'e655   0x42  Code  Gb  stm32f10x_it.o [1]
UART_PORT_POE            0x800'ec04    0x8  Data  Gb  AnyID_CS1110_Uart_HL.o [1]
UART_PORT_RX             0x800'ebfc    0x8  Data  Gb  AnyID_CS1110_Uart_HL.o [1]
UART_PORT_TX             0x800'ebf4    0x8  Data  Gb  AnyID_CS1110_Uart_HL.o [1]
USART1_IRQHandler        0x800'e595   0x3a  Code  Gb  stm32f10x_it.o [1]
USART2_IRQHandler        0x800'e51d   0x3a  Code  Gb  stm32f10x_it.o [1]
USART3_IRQHandler        0x800'e615   0x40  Code  Gb  stm32f10x_it.o [1]
USART_ClearFlag          0x800'b1e7   0x10  Code  Gb  stm32f10x_usart.o [1]
USART_ClearITPendingBit
                         0x800'b261   0x26  Code  Gb  stm32f10x_usart.o [1]
USART_Cmd                0x800'b125   0x1e  Code  Gb  stm32f10x_usart.o [1]
USART_DMACmd             0x800'b1b3   0x18  Code  Gb  stm32f10x_usart.o [1]
USART_DeInit             0x800'afa9   0x90  Code  Gb  stm32f10x_usart.o [1]
USART_GetFlagStatus      0x800'b1cb   0x1c  Code  Gb  stm32f10x_usart.o [1]
USART_GetITStatus        0x800'b1f7   0x6a  Code  Gb  stm32f10x_usart.o [1]
USART_ITConfig           0x800'b143   0x70  Code  Gb  stm32f10x_usart.o [1]
USART_Init               0x800'b039   0xd6  Code  Gb  stm32f10x_usart.o [1]
Uart_ConfigInt           0x800'df65   0x22  Code  Gb  AnyID_CS1110_Uart_HL.o [1]
Uart_EnableInt           0x800'df87   0x30  Code  Gb  AnyID_CS1110_Uart_HL.o [1]
Uart_Init                0x800'd8e7   0x18  Code  Gb  AnyID_CS1110_Uart.o [1]
Uart_InitInterface       0x800'deb5   0xb0  Code  Gb  AnyID_CS1110_Uart_HL.o [1]
Uart_ReceiveFrame        0x800'e735   0xea  Code  Gb  AnyID_Uart_Receive.o [1]
Uart_WriteBuffer         0x800'dfb7   0x2c  Code  Gb  AnyID_CS1110_Uart_HL.o [1]
UsageFault_Handler       0x800'e4b9    0x2  Code  Gb  stm32f10x_it.o [1]
Witgh_CalAvg             0x800'd88d   0x5a  Code  Gb  Anyid_CS1110_Wight.o [1]
_Encoding_8859_1_Mbrlen
                         0x800'7b41    0x2  Code  Gb  xencoding_8859_1.o [2]
_Encoding_8859_1_Wctomb
                         0x800'7b2f   0x12  Code  Gb  xencoding_8859_1.o [2]
_LitobFull               0x800'91c3  0x10a  Code  Lc  xprintffull.o [2]
_Locale_lconv           0x2000'0044   0x38  Data  Lc  xlocale_c.o [2]
_PrintfFull              0x800'82b1  0xcc4  Code  Gb  xprintffull.o [2]
_PutcharsFull            0x800'9335   0x2e  Code  Lc  xprintffull.o [2]
_PutstrFull              0x800'9103   0xc0  Code  Lc  xprintffull.o [2]
_PuttxtFull              0x800'8ff7  0x10c  Code  Lc  xprintffull.o [2]
_SProut                  0x800'7d67    0xa  Code  Gb  xsprout.o [2]
__ICFEDIT_region_RAM_end__ {Abs}
                        0x2000'bfff         Data  Gb  <internal module>
__ICFEDIT_region_RAM_start__ {Abs}
                        0x2000'0000         Data  Gb  <internal module>
__NVIC_SetPriority       0x800'd901   0x2c  Code  Lc  AnyID_CS1110_SysTick_HL.o [1]
__aeabi_cdcmpeq          0x800'b4bd         Code  Gb  DblCmpEq.o [3]
__aeabi_cdcmple          0x800'aa91         Code  Gb  DblCmpLe.o [3]
__aeabi_cdrcmple         0x800'aac1         Code  Gb  DblCmpGe.o [3]
__aeabi_d2iz             0x800'ac2d         Code  Gb  DblToS32.o [3]
__aeabi_d2uiz            0x800'a74d         Code  Gb  DblToU32.o [3]
__aeabi_dadd             0x800'b4dd         Code  Gb  DblAdd.o [3]
__aeabi_ddiv             0x800'a361         Code  Gb  DblDiv.o [3]
__aeabi_dmul             0x800'a5a9         Code  Gb  DblMul.o [3]
__aeabi_dsub             0x800'ac8d         Code  Gb  DblSub.o [3]
__aeabi_f2iz             0x800'7d3d         Code  Gb  FltToS32.o [3]
__aeabi_fdiv             0x800'7b69         Code  Gb  FltDiv.o [3]
__aeabi_fmul             0x800'7c65         Code  Gb  FltMul.o [3]
__aeabi_i2d              0x800'ac69         Code  Gb  S32ToDbl.o [3]
__aeabi_ldiv0            0x800'b9d5         Code  Gb  I64DivZer.o [4]
__aeabi_memclr           0x800'4199         Code  Gb  ABImemclr.o [4]
__aeabi_memcpy           0x800'7a89         Code  Gb  ABImemcpy.o [4]
__aeabi_memcpy4          0x800'7aa9         Code  Gb  ABImemcpy.o [4]
__aeabi_memcpy8          0x800'7aa9         Code  Gb  ABImemcpy.o [4]
__aeabi_memset           0x800'4131         Code  Gb  ABImemset.o [4]
__aeabi_ui2d             0x800'9bed         Code  Gb  U32ToDbl.o [3]
__aeabi_ui2f             0x800'7b4d         Code  Gb  U32ToFlt.o [3]
__aeabi_uldivmod         0x800'ad79         Code  Gb  I64DivMod.o [4]
__cmain                  0x800'ea7d         Code  Gb  cmain.o [4]
__exit                   0x800'b9d9   0x14  Code  Gb  exit.o [5]
__iar_Exp64              0x800'b659  0x320  Code  Gb  iar_Exp64.o [3]
__iar_Fail_s             0x800'a989   0x1c  Code  Gb  xfail_s.o [2]
__iar_Mbcurmax           0x800'ad6f    0xa  Code  Gb  xmbcurmax.o [2]
__iar_Memchr             0x800'a9c9         Code  Gb  memchr.o [4]
__iar_Memset             0x800'4131         Code  Gb  ABImemset.o [4]
__iar_Memset_word        0x800'4139         Code  Gb  ABImemset.o [4]
__iar_Strchr             0x800'a971         Code  Gb  strchr.o [4]
__iar_dadd               0x800'ac9d         Code  Gb  DblSub.o [3]
__iar_data_init3         0x800'e9d5   0x28  Code  Gb  data_init.o [4]
__iar_dsub               0x800'b4ed         Code  Gb  DblAdd.o [3]
__iar_dsubStart          0x800'b4ff         Code  Gb  DblAdd.o [3]
__iar_frexp              0x800'aa2d         Code  Gb  frexp.o [3]
__iar_frexp64            0x800'aa21         Code  Gb  frexp.o [3]
__iar_frexpl             0x800'aa2d         Code  Gb  frexp.o [3]
__iar_globLocale        0x2000'007c   0x48  Data  Lc  xlocale_c.o [2]
__iar_global_Locale      0x800'a8f5    0x4  Code  Gb  xlocale_c.o [2]
__iar_ldexp64            0x800'aaf1         Code  Gb  ldexp.o [3]
__iar_lz77_init_single3
                         0x800'e931   0x78  Code  Gb  lz77_init_single.o [4]
__iar_pow64              0x800'9c09  0x6d0  Code  Gb  pow64.o [3]
__iar_pow_medium         0x800'9c09  0x6d0  Code  Gb  pow64.o [3]
__iar_pow_medium64       0x800'9c09  0x6d0  Code  Gb  pow64.o [3]
__iar_pow_mediuml        0x800'9c09  0x6d0  Code  Gb  pow64.o [3]
__iar_program_start      0x800'eb39         Code  Gb  cstartup_M.o [4]
__iar_scalbln64          0x800'aaf1         Code  Gb  ldexp.o [3]
__iar_scalbn64           0x800'aaf1         Code  Gb  ldexp.o [3]
__iar_zero_init3         0x800'74e1   0x3a  Code  Gb  zero_init3.o [4]
__low_level_init         0x800'ea9b    0x4  Code  Gb  low_level_init.o [2]
__vector_table           0x800'4000         Data  Gb  startup_stm32f10x_hd.o [1]
_call_main               0x800'ea89         Code  Gb  cmain.o [4]
_exit                    0x800'eaa5         Code  Gb  cexit.o [4]
_gLocale_mblen           0x800'a95d    0x4  Code  Gb  xlocale_c.o [2]
_gLocale_mblenInt        0x800'a921   0x2c  Code  Gb  xlocale_c.o [2]
_gLocale_wctomb          0x800'a961    0x4  Code  Gb  xlocale_c.o [2]
_gLocale_wctombInt       0x800'a959    0x4  Code  Gb  xlocale_c.o [2]
_main                    0x800'ea97         Code  Gb  cmain.o [4]
a_GetCrc                 0x800'72ed   0x48  Code  Gb  AnyID_Stdlib.o [1]
abort                    0x800'b9cd    0x6  Code  Gb  abort.o [2]
exit                     0x800'ea9f    0x4  Code  Gb  exit.o [2]
frexp                    0x800'aa21         Code  Gb  frexp.o [3]
frexpl                   0x800'aa21         Code  Gb  frexp.o [3]
g_nBufTxt               0x2000'0000   0x20  Data  Gb  Anyid_CS1110_Reader.o [1]
g_nBufTxt1              0x2000'3a40   0x20  Data  Gb  Anyid_CS1110_Reader.o [1]
g_nGpbDr                0x2000'3ac4    0x2  Data  Gb  stm32f10x_it.o [1]
g_nGpbSr                0x2000'3ac2    0x2  Data  Gb  stm32f10x_it.o [1]
g_nLcmDr                0x2000'3ac8    0x2  Data  Gb  stm32f10x_it.o [1]
g_nLcmSr                0x2000'3ac6    0x2  Data  Gb  stm32f10x_it.o [1]
g_nReaderGpbState       0x2000'3aca    0x1  Data  Gb  Anyid_CS1110_Reader.o [1]
g_nReaderState          0x2000'3a90    0x4  Data  Gb  Anyid_CS1110_Reader.o [1]
g_nRtcTime              0x2000'3a98    0x4  Data  Gb  Anyid_CS1110_Reader.o [1]
g_nSysDelay             0x2000'3ab8    0x4  Data  Gb  AnyID_CS1110_SysTick_HL.o [1]
g_nSysGLed              0x2000'3a9c    0x4  Data  Gb  AnyID_CS1110_SysCfg.o [1]
g_nSysState             0x2000'002c    0x4  Data  Gb  AnyID_CS1110_SysCfg.o [1]
g_nSysTick              0x2000'3ab4    0x4  Data  Gb  AnyID_CS1110_SysTick_HL.o [1]
g_nTempLink             0x2000'3acb    0x1  Data  Gb  Anyid_CS1110_Reader.o [1]
g_nTickLink             0x2000'3a94    0x4  Data  Gb  Anyid_CS1110_Reader.o [1]
g_sDeviceMealRspFrame   0x2000'0b00  0xa38  Data  Gb  Anyid_CS1110_Reader.o [1]
g_sDeviceParamenter     0x2000'3a60   0x18  Data  Gb  Anyid_CS1110_Reader.o [1]
g_sDeviceRspFrame       0x2000'00c8  0xa38  Data  Gb  Anyid_CS1110_Reader.o [1]
g_sDishTempInfo         0x2000'3924   0x48  Data  Gb  Anyid_CS1110_Reader.o [1]
g_sFramBootParams       0x2000'3a78    0x8  Data  Gb  AnyID_CS1110_FRam.o [1]
g_sFramData             0x2000'3a18   0x28  Data  Gb  AnyID_CS1110_FRam.o [1]
g_sGpbInfo              0x2000'36e8   0x88  Data  Gb  Anyid_CS1110_Wight.o [1]
g_sKeyValue             0x2000'3a80    0x8  Data  Gb  Anyid_CS1110_Key.o [1]
g_sLcmDishRcvFrame      0x2000'3884   0x50  Data  Gb  AnyID_CS1110_DishLcm.o [1]
g_sLcmDishRcvTempFrame  0x2000'38d4   0x50  Data  Gb  AnyID_CS1110_DishLcm.o [1]
g_sLcmDishTxFrame       0x2000'35e0  0x108  Data  Gb  AnyID_CS1110_DishLcm.o [1]
g_sLcmInfo              0x2000'3ac0    0x2  Data  Gb  AnyID_CS1110_DishLcm.o [1]
g_sRaderInfo            0x2000'3770   0x6c  Data  Gb  Anyid_CS1110_Reader.o [1]
g_sReaderDtuInfo        0x2000'1d5c  0x80c  Data  Gb  Anyid_CS1110_Reader.o [1]
g_sReaderLedInfo        0x2000'3a88    0x8  Data  Gb  Anyid_CS1110_Reader.o [1]
g_sReaderOffLineInfo    0x2000'396c   0x3c  Data  Gb  Anyid_CS1110_Reader.o [1]
g_sReaderRfidTempInfo   0x2000'1538  0x824  Data  Gb  Anyid_CS1110_Reader.o [1]
g_sRfidInfo             0x2000'2568  0x43c  Data  Gb  Anyid_Cs1110_Rfid.o [1]
g_sRfidRcvTempFrame     0x2000'2db8  0x414  Data  Gb  AnyID_CS1110_Uart.o [1]
g_sRtcTime              0x2000'0020    0xc  Data  Gb  AnyID_CS1110_RTC.o [1]
g_sSoundInfo            0x2000'39a8   0x3c  Data  Gb  Anyid_CS1110_Sound.o [1]
g_sUartRcvFrame         0x2000'31cc  0x414  Data  Gb  AnyID_Uart_Receive.o [1]
g_sUartRcvTempFrame     0x2000'29a4  0x414  Data  Gb  AnyID_CS1110_Uart.o [1]
g_sWightTempInfo        0x2000'3830   0x54  Data  Gb  Anyid_CS1110_Wight.o [1]
g_sWigthInfo            0x2000'37dc   0x54  Data  Gb  Anyid_CS1110_Wight.o [1]
ldexp                    0x800'aaf1         Code  Gb  ldexp.o [3]
ldexpl                   0x800'aaf1         Code  Gb  ldexp.o [3]
lnbias                   0x800'e090  0x420  Data  Lc  pow64.o [3]
localeconv               0x800'a965    0x4  Code  Gb  xlocale_c.o [2]
main                     0x800'e9a9   0x2c  Code  Gb  main.o [1]
memchr                   0x800'a9c9         Code  Gb  memchr.o [4]
memcmp                   0x800'7d71         Code  Gb  memcmp.o [4]
pow                      0x800'9c09  0x6d0  Code  Gb  pow64.o [3]
powl                     0x800'9c09  0x6d0  Code  Gb  pow64.o [3]
scalbln                  0x800'aaf1         Code  Gb  ldexp.o [3]
scalblnl                 0x800'aaf1         Code  Gb  ldexp.o [3]
scalbn                   0x800'aaf1         Code  Gb  ldexp.o [3]
scalbnl                  0x800'aaf1         Code  Gb  ldexp.o [3]
scale                    0x800'92cd   0x46  Code  Lc  xprintffull.o [2]
sec_hand                0x2000'3abc    0x4  Data  Lc  xfail_s.o [2]
sprintf                  0x800'751d   0x40  Code  Gb  sprintf.o [2]
strchr                   0x800'a971         Code  Gb  strchr.o [4]
strlen                   0x800'9619         Code  Gb  strlen.o [4]


[1] = E:\AnyID\Git\YY\CS1110\CS1110\Build\Obj
[2] = dl7M_tlf.a
[3] = m7M_tl.a
[4] = rt7M_tl.a
[5] = shb_l.a

  38'967 bytes of readonly  code memory
   1'654 bytes of readonly  data memory (+ 50 absolute)
  23'251 bytes of readwrite data memory

Errors: none
Warnings: none
