###############################################################################
#
# IAR ELF Linker V8.40.1.212/W32 for ARM                  28/Feb/2023  09:14:56
# Copyright 2007-2019 IAR Systems AB.
#
#    Output file  =
#        E:\AnyID\HFReader\software\CS1110\CS1110\Build\Exe\IQ0816.out
#    Map file     =
#        E:\AnyID\HFReader\software\CS1110\CS1110\Build\List\IQ0816.map
#    Command line =
#        -f C:\Users\Administrator\AppData\Local\Temp\EW814E.tmp
#        (E:\AnyID\HFReader\software\CS1110\CS1110\Build\Obj\Anyid_Cs1110_Key.o
#        E:\AnyID\HFReader\software\CS1110\CS1110\Build\Obj\Anyid_Cs1110_Key_HL.o
#        E:\AnyID\HFReader\software\CS1110\CS1110\Build\Obj\Anyid_Cs1110_Sound.o
#        E:\AnyID\HFReader\software\CS1110\CS1110\Build\Obj\Anyid_Cs1110_Sound_HL.o
#        E:\AnyID\HFReader\software\CS1110\CS1110\Build\Obj\AnyID_CS1110_SysCfg.o
#        E:\AnyID\HFReader\software\CS1110\CS1110\Build\Obj\AnyID_CS1110_SysTick_HL.o
#        E:\AnyID\HFReader\software\CS1110\CS1110\Build\Obj\Anyid_Cs1110_Wight.o
#        E:\AnyID\HFReader\software\CS1110\CS1110\Build\Obj\Anyid_Cs1110_Wight_HL.o
#        E:\AnyID\HFReader\software\CS1110\CS1110\Build\Obj\main.o
#        E:\AnyID\HFReader\software\CS1110\CS1110\Build\Obj\misc.o
#        E:\AnyID\HFReader\software\CS1110\CS1110\Build\Obj\startup_stm32f10x_hd.o
#        E:\AnyID\HFReader\software\CS1110\CS1110\Build\Obj\stm32f10x_adc.o
#        E:\AnyID\HFReader\software\CS1110\CS1110\Build\Obj\stm32f10x_dma.o
#        E:\AnyID\HFReader\software\CS1110\CS1110\Build\Obj\stm32f10x_exti.o
#        E:\AnyID\HFReader\software\CS1110\CS1110\Build\Obj\stm32f10x_flash.o
#        E:\AnyID\HFReader\software\CS1110\CS1110\Build\Obj\stm32f10x_gpio.o
#        E:\AnyID\HFReader\software\CS1110\CS1110\Build\Obj\stm32f10x_it.o
#        E:\AnyID\HFReader\software\CS1110\CS1110\Build\Obj\stm32f10x_iwdg.o
#        E:\AnyID\HFReader\software\CS1110\CS1110\Build\Obj\stm32f10x_rcc.o
#        E:\AnyID\HFReader\software\CS1110\CS1110\Build\Obj\stm32f10x_spi.o
#        E:\AnyID\HFReader\software\CS1110\CS1110\Build\Obj\stm32f10x_tim.o
#        E:\AnyID\HFReader\software\CS1110\CS1110\Build\Obj\stm32f10x_usart.o
#        E:\AnyID\HFReader\software\CS1110\CS1110\Build\Obj\system_stm32f10x.o
#        --redirect _Printf=_PrintfFull --redirect _Scanf=_ScanfFull
#        --no_out_extension -o
#        E:\AnyID\HFReader\software\CS1110\CS1110\Build\Exe\IQ0816.out --map
#        E:\AnyID\HFReader\software\CS1110\CS1110\Build\List\IQ0816.map
#        --config E:\AnyID\HFReader\software\CS1110\CS1110\GD32F303xC.icf
#        --semihosting --entry __iar_program_start --vfe --text_out locale)
#
###############################################################################

*******************************************************************************
*** RUNTIME MODEL ATTRIBUTES
***

CppFlavor       = *
__SystemLibrary = DLib
__dlib_version  = 6


*******************************************************************************
*** HEAP SELECTION
***

The basic heap was selected because no calls to memory allocation
functions were found in the application outside of system library
functions, and there are calls to deallocation functions in the
application.


*******************************************************************************
*** PLACEMENT SUMMARY
***

"A0":  place at address 0x800'4000 { ro section .intvec };
"P1":  place in [from 0x800'4000 to 0x803'ffff] { ro };
define block CSTACK with size = 2K, alignment = 8 { };
define block HEAP with size = 512, alignment = 8 { };
"P2":  place in [from 0x2000'0000 to 0x2000'bfff] {
          rw, block CSTACK, block HEAP };
initialize by copy { rw };

  Section            Kind         Address   Size  Object
  -------            ----         -------   ----  ------
"A0":                                      0x130
  .intvec            ro code   0x800'4000  0x130  startup_stm32f10x_hd.o [1]
                             - 0x800'4130  0x130

"P1":                                      0x408
  .text              ro code   0x800'4130  0x110  system_stm32f10x.o [1]
  .text              ro code   0x800'4240   0x9c  stm32f10x_it.o [1]
  .text              ro code   0x800'42dc   0x10  stm32f10x_usart.o [1]
  .text              ro code   0x800'42ec   0x88  Anyid_Cs1110_Sound.o [1]
  .text              ro code   0x800'4374   0x38  packbits_init_single.o [3]
  .text              ro code   0x800'43ac   0x28  data_init.o [3]
  .iar.init_table    const     0x800'43d4   0x10  - Linker created -
  .text              ro code   0x800'43e4   0x1e  cmain.o [3]
  .text              ro code   0x800'4402    0x4  low_level_init.o [2]
  .text              ro code   0x800'4406    0x2  main.o [1]
  .text              ro code   0x800'4408    0x4  exit.o [2]
  .text              ro code   0x800'440c    0xa  cexit.o [3]
  .text              ro code   0x800'4418   0x14  exit.o [4]
  .text              ro code   0x800'442c   0x10  startup_stm32f10x_hd.o [1]
  .text              ro code   0x800'443c    0xc  cstartup_M.o [3]
  .text              ro code   0x800'4448    0x4  startup_stm32f10x_hd.o [1]
  .text              ro code   0x800'444c    0x4  startup_stm32f10x_hd.o [1]
  .text              ro code   0x800'4450    0x4  startup_stm32f10x_hd.o [1]
  .text              ro code   0x800'4454    0x4  startup_stm32f10x_hd.o [1]
  .text              ro code   0x800'4458    0x4  startup_stm32f10x_hd.o [1]
  .text              ro code   0x800'445c    0x4  startup_stm32f10x_hd.o [1]
  .text              ro code   0x800'4460    0x4  startup_stm32f10x_hd.o [1]
  .text              ro code   0x800'4464    0x4  startup_stm32f10x_hd.o [1]
  .text              ro code   0x800'4468    0x4  startup_stm32f10x_hd.o [1]
  .text              ro code   0x800'446c    0x4  startup_stm32f10x_hd.o [1]
  .text              ro code   0x800'4470    0x4  startup_stm32f10x_hd.o [1]
  .text              ro code   0x800'4474    0x4  startup_stm32f10x_hd.o [1]
  .text              ro code   0x800'4478    0x4  startup_stm32f10x_hd.o [1]
  .text              ro code   0x800'447c    0x4  startup_stm32f10x_hd.o [1]
  .text              ro code   0x800'4480    0x4  startup_stm32f10x_hd.o [1]
  .text              ro code   0x800'4484    0x4  startup_stm32f10x_hd.o [1]
  .text              ro code   0x800'4488    0x4  startup_stm32f10x_hd.o [1]
  .text              ro code   0x800'448c    0x4  startup_stm32f10x_hd.o [1]
  .text              ro code   0x800'4490    0x4  startup_stm32f10x_hd.o [1]
  .text              ro code   0x800'4494    0x4  startup_stm32f10x_hd.o [1]
  .text              ro code   0x800'4498    0x4  startup_stm32f10x_hd.o [1]
  .text              ro code   0x800'449c    0x4  startup_stm32f10x_hd.o [1]
  .text              ro code   0x800'44a0    0x4  startup_stm32f10x_hd.o [1]
  .text              ro code   0x800'44a4    0x4  startup_stm32f10x_hd.o [1]
  .text              ro code   0x800'44a8    0x4  startup_stm32f10x_hd.o [1]
  .text              ro code   0x800'44ac    0x4  startup_stm32f10x_hd.o [1]
  .text              ro code   0x800'44b0    0x4  startup_stm32f10x_hd.o [1]
  .text              ro code   0x800'44b4    0x4  startup_stm32f10x_hd.o [1]
  .text              ro code   0x800'44b8    0x4  startup_stm32f10x_hd.o [1]
  .text              ro code   0x800'44bc    0x4  startup_stm32f10x_hd.o [1]
  .text              ro code   0x800'44c0    0x4  startup_stm32f10x_hd.o [1]
  .text              ro code   0x800'44c4    0x4  startup_stm32f10x_hd.o [1]
  .text              ro code   0x800'44c8    0x4  startup_stm32f10x_hd.o [1]
  .text              ro code   0x800'44cc    0x4  startup_stm32f10x_hd.o [1]
  .text              ro code   0x800'44d0    0x4  startup_stm32f10x_hd.o [1]
  .text              ro code   0x800'44d4    0x4  startup_stm32f10x_hd.o [1]
  .text              ro code   0x800'44d8    0x4  startup_stm32f10x_hd.o [1]
  .text              ro code   0x800'44dc    0x4  startup_stm32f10x_hd.o [1]
  .text              ro code   0x800'44e0    0x4  startup_stm32f10x_hd.o [1]
  .text              ro code   0x800'44e4    0x4  startup_stm32f10x_hd.o [1]
  .text              ro code   0x800'44e8    0x4  startup_stm32f10x_hd.o [1]
  .text              ro code   0x800'44ec    0x4  startup_stm32f10x_hd.o [1]
  .text              ro code   0x800'44f0    0x4  startup_stm32f10x_hd.o [1]
  .text              ro code   0x800'44f4    0x4  startup_stm32f10x_hd.o [1]
  .text              ro code   0x800'44f8    0x4  startup_stm32f10x_hd.o [1]
  .text              ro code   0x800'44fc    0x4  startup_stm32f10x_hd.o [1]
  .text              ro code   0x800'4500    0x4  startup_stm32f10x_hd.o [1]
  .text              ro code   0x800'4504    0x4  startup_stm32f10x_hd.o [1]
  .text              ro code   0x800'4508    0x4  startup_stm32f10x_hd.o [1]
  .text              ro code   0x800'450c    0x4  startup_stm32f10x_hd.o [1]
  .text              ro code   0x800'4510    0x4  startup_stm32f10x_hd.o [1]
  .text              ro code   0x800'4514    0x4  startup_stm32f10x_hd.o [1]
  .text              ro code   0x800'4518    0x4  startup_stm32f10x_hd.o [1]
  .text              ro code   0x800'451c    0x4  startup_stm32f10x_hd.o [1]
  .text              ro code   0x800'4520    0x4  startup_stm32f10x_hd.o [1]
  .text              ro code   0x800'4524    0x4  startup_stm32f10x_hd.o [1]
  .text              ro code   0x800'4528    0x4  startup_stm32f10x_hd.o [1]
  .text              ro code   0x800'452c    0x4  startup_stm32f10x_hd.o [1]
  .text              ro code   0x800'4530    0x4  startup_stm32f10x_hd.o [1]
  .rodata            const     0x800'4534    0x0  packbits_init_single.o [3]
  Initializer bytes  const     0x800'4534    0x4  <for P2-1>
                             - 0x800'4538  0x408

"P2", part 1 of 2:                          0x40
  P2-1                        0x2000'0000   0x40  <Init block>
    .data            inited   0x2000'0000    0x4  AnyID_CS1110_SysCfg.o [1]
    .bss             inited   0x2000'0004   0x38  Anyid_Cs1110_Sound.o [1]
    .bss             inited   0x2000'003c    0x4  AnyID_CS1110_SysTick_HL.o [1]
                            - 0x2000'0040   0x40

"P2", part 2 of 2:                         0x800
  CSTACK                      0x2000'0040  0x800  <Block>
    CSTACK           uninit   0x2000'0040  0x800  <Block tail>
                            - 0x2000'0840  0x800

Unused ranges:

         From           To      Size
         ----           --      ----
   0x800'4538   0x803'ffff  0x3'bac8
  0x2000'0840  0x2000'bfff    0xb7c0


*******************************************************************************
*** INIT TABLE
***

          Address      Size
          -------      ----
Copy/packbits (__iar_packbits_init_single3)
    1 source range, total size 0x4 (6% of destination):
           0x800'4534   0x4
    1 destination range, total size 0x40:
          0x2000'0000  0x40



*******************************************************************************
*** MODULE SUMMARY
***

    Module                     ro code  ro data  rw data
    ------                     -------  -------  -------
command line/config:
    ----------------------------------------------------
    Total:

E:\AnyID\HFReader\software\CS1110\CS1110\Build\Obj: [1]
    AnyID_CS1110_SysCfg.o                              4
    AnyID_CS1110_SysTick_HL.o                 1        4
    Anyid_Cs1110_Sound.o           136        3       56
    main.o                           2
    startup_stm32f10x_hd.o         556
    stm32f10x_it.o                 156
    stm32f10x_usart.o               16
    system_stm32f10x.o             272
    ----------------------------------------------------
    Total:                       1'138        4       64

dl7M_tlf.a: [2]
    exit.o                           4
    low_level_init.o                 4
    ----------------------------------------------------
    Total:                           8

rt7M_tl.a: [3]
    cexit.o                         10
    cmain.o                         30
    cstartup_M.o                    12
    data_init.o                     40
    packbits_init_single.o          56
    ----------------------------------------------------
    Total:                         148

shb_l.a: [4]
    exit.o                          20
    ----------------------------------------------------
    Total:                          20

    Gaps                             2
    Linker created                           16    2'048
--------------------------------------------------------
    Grand Total:                 1'316       20    2'112


*******************************************************************************
*** ENTRY LIST
***

Entry                       Address  Size  Type      Object
-----                       -------  ----  ----      ------
.iar.init_table$$Base    0x800'43d4         --   Gb  - Linker created -
.iar.init_table$$Limit   0x800'43e4         --   Gb  - Linker created -
?main                    0x800'43e5        Code  Gb  cmain.o [3]
BusFault_Handler         0x800'4247   0x2  Code  Gb  stm32f10x_it.o [1]
CSTACK$$Base            0x2000'0040         --   Gb  - Linker created -
CSTACK$$Limit           0x2000'0840         --   Gb  - Linker created -
DebugMon_Handler         0x800'424d   0x2  Code  Gb  stm32f10x_it.o [1]
HardFault_Handler        0x800'4243   0x2  Code  Gb  stm32f10x_it.o [1]
MemManage_Handler        0x800'4245   0x2  Code  Gb  stm32f10x_it.o [1]
NMI_Handler              0x800'4241   0x2  Code  Gb  stm32f10x_it.o [1]
PendSV_Handler           0x800'424f   0x2  Code  Gb  stm32f10x_it.o [1]
Region$$Table$$Base      0x800'43d4         --   Gb  - Linker created -
Region$$Table$$Limit     0x800'43e4         --   Gb  - Linker created -
SVC_Handler              0x800'424b   0x2  Code  Gb  stm32f10x_it.o [1]
SetSysClock              0x800'416d   0x8  Code  Lc  system_stm32f10x.o [1]
SetSysClockTo72          0x800'4175  0xb0  Code  Lc  system_stm32f10x.o [1]
Sound_ReceiveFrame       0x800'42ed  0x88  Code  Gb  Anyid_Cs1110_Sound.o [1]
SysTick_Handler          0x800'4251  0x40  Code  Gb  stm32f10x_it.o [1]
SystemInit               0x800'4131  0x3c  Code  Gb  system_stm32f10x.o [1]
USART3_IRQHandler        0x800'4291  0x36  Code  Gb  stm32f10x_it.o [1]
USART_ClearFlag          0x800'42dd  0x10  Code  Gb  stm32f10x_usart.o [1]
UsageFault_Handler       0x800'4249   0x2  Code  Gb  stm32f10x_it.o [1]
__ICFEDIT_region_RAM_end__ {Abs}
                        0x2000'bfff        Data  Gb  <internal module>
__ICFEDIT_region_RAM_start__ {Abs}
                        0x2000'0000        Data  Gb  <internal module>
__cmain                  0x800'43e5        Code  Gb  cmain.o [3]
__exit                   0x800'4419  0x14  Code  Gb  exit.o [4]
__iar_data_init3         0x800'43ad  0x28  Code  Gb  data_init.o [3]
__iar_packbits_init_single3
                         0x800'4375  0x38  Code  Gb  packbits_init_single.o [3]
__iar_program_start      0x800'443d        Code  Gb  cstartup_M.o [3]
__low_level_init         0x800'4403   0x4  Code  Gb  low_level_init.o [2]
__vector_table           0x800'4000        Data  Gb  startup_stm32f10x_hd.o [1]
_call_main               0x800'43f1        Code  Gb  cmain.o [3]
_exit                    0x800'440d        Code  Gb  cexit.o [3]
_main                    0x800'43ff        Code  Gb  cmain.o [3]
exit                     0x800'4409   0x4  Code  Gb  exit.o [2]
g_nSysState             0x2000'0000   0x4  Data  Gb  AnyID_CS1110_SysCfg.o [1]
g_nSysTick              0x2000'003c   0x4  Data  Gb  AnyID_CS1110_SysTick_HL.o [1]
g_sSoundInfo            0x2000'0004  0x38  Data  Gb  Anyid_Cs1110_Sound.o [1]
main                     0x800'4407   0x2  Code  Gb  main.o [1]


[1] = E:\AnyID\HFReader\software\CS1110\CS1110\Build\Obj
[2] = dl7M_tlf.a
[3] = rt7M_tl.a
[4] = shb_l.a

  1'316 bytes of readonly  code memory
     20 bytes of readonly  data memory
  2'112 bytes of readwrite data memory

Errors: none
Warnings: none
